Archive member included to satisfy reference by file (symbol)

d:/ac6/workbench/plugins/fr.ac6.mcu.externaltools.arm-none.win32_1.17.0.201812190825/tools/compiler/bin/../lib/gcc/arm-none-eabi/7.3.1/thumb/v7e-m/fpv4-sp/hard\libgcc.a(_arm_addsubdf3.o)
                              Application/TM/tm_stm32f4_fatfs.o (__aeabi_ui2d)
d:/ac6/workbench/plugins/fr.ac6.mcu.externaltools.arm-none.win32_1.17.0.201812190825/tools/compiler/bin/../lib/gcc/arm-none-eabi/7.3.1/thumb/v7e-m/fpv4-sp/hard\libgcc.a(_arm_muldivdf3.o)
                              Application/TM/tm_stm32f4_fatfs.o (__aeabi_dmul)
d:/ac6/workbench/plugins/fr.ac6.mcu.externaltools.arm-none.win32_1.17.0.201812190825/tools/compiler/bin/../lib/gcc/arm-none-eabi/7.3.1/thumb/v7e-m/fpv4-sp/hard\libgcc.a(_arm_fixunsdfsi.o)
                              Application/TM/tm_stm32f4_fatfs.o (__aeabi_d2uiz)
d:/ac6/workbench/plugins/fr.ac6.mcu.externaltools.arm-none.win32_1.17.0.201812190825/tools/compiler/bin/../lib/gcc/arm-none-eabi/7.3.1/thumb/v7e-m/fpv4-sp/hard\libgcc.a(_arm_truncdfsf2.o)
                              Application/User/audio.o (__aeabi_d2f)
d:/ac6/workbench/plugins/fr.ac6.mcu.externaltools.arm-none.win32_1.17.0.201812190825/tools/compiler/bin/../lib/gcc/arm-none-eabi/7.3.1/thumb/v7e-m/fpv4-sp/hard\libgcc.a(_aeabi_ldivmod.o)
                              Drivers/STM32F4xx_HAL_Driver/stm32f4xx_hal_rcc.o (__aeabi_ldivmod)
d:/ac6/workbench/plugins/fr.ac6.mcu.externaltools.arm-none.win32_1.17.0.201812190825/tools/compiler/bin/../lib/gcc/arm-none-eabi/7.3.1/thumb/v7e-m/fpv4-sp/hard\libgcc.a(_aeabi_uldivmod.o)
                              Drivers/STM32F4xx_HAL_Driver/stm32f4xx_hal_rcc.o (__aeabi_uldivmod)
d:/ac6/workbench/plugins/fr.ac6.mcu.externaltools.arm-none.win32_1.17.0.201812190825/tools/compiler/bin/../lib/gcc/arm-none-eabi/7.3.1/thumb/v7e-m/fpv4-sp/hard\libgcc.a(_udivmoddi4.o)
                              d:/ac6/workbench/plugins/fr.ac6.mcu.externaltools.arm-none.win32_1.17.0.201812190825/tools/compiler/bin/../lib/gcc/arm-none-eabi/7.3.1/thumb/v7e-m/fpv4-sp/hard\libgcc.a(_aeabi_ldivmod.o) (__udivmoddi4)
d:/ac6/workbench/plugins/fr.ac6.mcu.externaltools.arm-none.win32_1.17.0.201812190825/tools/compiler/bin/../lib/gcc/arm-none-eabi/7.3.1/thumb/v7e-m/fpv4-sp/hard\libgcc.a(_dvmd_tls.o)
                              d:/ac6/workbench/plugins/fr.ac6.mcu.externaltools.arm-none.win32_1.17.0.201812190825/tools/compiler/bin/../lib/gcc/arm-none-eabi/7.3.1/thumb/v7e-m/fpv4-sp/hard\libgcc.a(_aeabi_ldivmod.o) (__aeabi_ldiv0)
d:/ac6/workbench/plugins/fr.ac6.mcu.externaltools.arm-none.win32_1.17.0.201812190825/tools/compiler/bin/../lib/gcc/arm-none-eabi/7.3.1/../../../../arm-none-eabi/lib/thumb/v7e-m/fpv4-sp/hard\libc_nano.a(lib_a-exit.o)
                              d:/ac6/workbench/plugins/fr.ac6.mcu.externaltools.arm-none.win32_1.17.0.201812190825/tools/compiler/bin/../lib/gcc/arm-none-eabi/7.3.1/../../../../arm-none-eabi/lib/thumb/v7e-m/fpv4-sp/hard/crt0.o (exit)
d:/ac6/workbench/plugins/fr.ac6.mcu.externaltools.arm-none.win32_1.17.0.201812190825/tools/compiler/bin/../lib/gcc/arm-none-eabi/7.3.1/../../../../arm-none-eabi/lib/thumb/v7e-m/fpv4-sp/hard\libc_nano.a(lib_a-impure.o)
                              d:/ac6/workbench/plugins/fr.ac6.mcu.externaltools.arm-none.win32_1.17.0.201812190825/tools/compiler/bin/../lib/gcc/arm-none-eabi/7.3.1/../../../../arm-none-eabi/lib/thumb/v7e-m/fpv4-sp/hard\libc_nano.a(lib_a-exit.o) (_global_impure_ptr)
d:/ac6/workbench/plugins/fr.ac6.mcu.externaltools.arm-none.win32_1.17.0.201812190825/tools/compiler/bin/../lib/gcc/arm-none-eabi/7.3.1/../../../../arm-none-eabi/lib/thumb/v7e-m/fpv4-sp/hard\libc_nano.a(lib_a-init.o)
                              d:/ac6/workbench/plugins/fr.ac6.mcu.externaltools.arm-none.win32_1.17.0.201812190825/tools/compiler/bin/../lib/gcc/arm-none-eabi/7.3.1/../../../../arm-none-eabi/lib/thumb/v7e-m/fpv4-sp/hard/crt0.o (__libc_init_array)
d:/ac6/workbench/plugins/fr.ac6.mcu.externaltools.arm-none.win32_1.17.0.201812190825/tools/compiler/bin/../lib/gcc/arm-none-eabi/7.3.1/../../../../arm-none-eabi/lib/thumb/v7e-m/fpv4-sp/hard\libc_nano.a(lib_a-itoa.o)
                              Application/User/audio.o (itoa)
d:/ac6/workbench/plugins/fr.ac6.mcu.externaltools.arm-none.win32_1.17.0.201812190825/tools/compiler/bin/../lib/gcc/arm-none-eabi/7.3.1/../../../../arm-none-eabi/lib/thumb/v7e-m/fpv4-sp/hard\libc_nano.a(lib_a-malloc.o)
                              Application/TM/tm_stm32_delay.o (malloc)
d:/ac6/workbench/plugins/fr.ac6.mcu.externaltools.arm-none.win32_1.17.0.201812190825/tools/compiler/bin/../lib/gcc/arm-none-eabi/7.3.1/../../../../arm-none-eabi/lib/thumb/v7e-m/fpv4-sp/hard\libc_nano.a(lib_a-memcpy-stub.o)
                              Application/SPIFFS/spiffs_cache.o (memcpy)
d:/ac6/workbench/plugins/fr.ac6.mcu.externaltools.arm-none.win32_1.17.0.201812190825/tools/compiler/bin/../lib/gcc/arm-none-eabi/7.3.1/../../../../arm-none-eabi/lib/thumb/v7e-m/fpv4-sp/hard\libc_nano.a(lib_a-memset.o)
[...]
Memory Configuration

Name             Origin             Length             Attributes
RAM              0x20000000         0x00030000         xrw
CCMRAM           0x10000000         0x00010000         rw
FLASH            0x08000000         0x00200000         xr
*default*        0x00000000         0xffffffff

Linker script and memory map

LOAD d:/ac6/workbench/plugins/fr.ac6.mcu.externaltools.arm-none.win32_1.17.0.201812190825/tools/compiler/bin/../lib/gcc/arm-none-eabi/7.3.1/thumb/v7e-m/fpv4-sp/hard/crti.o
LOAD d:/ac6/workbench/plugins/fr.ac6.mcu.externaltools.arm-none.win32_1.17.0.201812190825/tools/compiler/bin/../lib/gcc/arm-none-eabi/7.3.1/thumb/v7e-m/fpv4-sp/hard/crtbegin.o
LOAD d:/ac6/workbench/plugins/fr.ac6.mcu.externaltools.arm-none.win32_1.17.0.201812190825/tools/compiler/bin/../lib/gcc/arm-none-eabi/7.3.1/../../../../arm-none-eabi/lib/thumb/v7e-m/fpv4-sp/hard/crt0.o
LOAD Application/FatFS/diskio.o
LOAD Application/FatFS/fatfs_sd.o
LOAD Application/FatFS/ff.o
LOAD Application/FatFS/syscall.o
LOAD Application/FatFS/unicode.o
LOAD Application/SPIFFS/spi_flash.o
LOAD Application/SPIFFS/spiffs_cache.o
LOAD Application/SPIFFS/spiffs_check.o
LOAD Application/SPIFFS/spiffs_gc.o
LOAD Application/SPIFFS/spiffs_hydrogen.o
LOAD Application/SPIFFS/spiffs_nucleus.o
LOAD Application/SW4STM32/startup_stm32f429xx.o
LOAD Application/TM/tm_stm32_delay.o
LOAD Application/TM/tm_stm32_gpio.o
LOAD Application/TM/tm_stm32_hd44780.o
LOAD Application/TM/tm_stm32_spi.o
LOAD Application/TM/tm_stm32f4_fatfs.o
LOAD Application/TM/tm_stm32f4_fonts.o
LOAD Application/TM/tm_stm32f4_ili9341.o
LOAD Application/TM/tm_stm32f4_keypad.o
LOAD Application/User/SRAMDriver.o
LOAD Application/User/adc.o
LOAD Application/User/ads1256_test.o
LOAD Application/User/audio.o
LOAD Application/User/dac.o
LOAD Application/User/dma.o
LOAD Application/User/drums.o
LOAD Application/User/fmc.o
LOAD Application/User/gpio.o
LOAD Application/User/joystick.o
LOAD Application/User/keyclick.o
LOAD Application/User/main.o
LOAD Application/User/memops.o
LOAD Application/User/menu.o
LOAD Application/User/menu_callback.o
LOAD Application/User/menu_strings.o
LOAD Application/User/midi.o
LOAD Application/User/spi.o
LOAD Application/User/stm32f429i_discovery.o
LOAD Application/User/stm32f429i_discovery_sdram.o
LOAD Application/User/stm32f4xx_hal_msp.o
LOAD Application/User/stm32f4xx_it.o
LOAD Application/User/tim.o
LOAD Application/User/usart.o
LOAD Application/User/usb_device.o
LOAD Application/User/usbd_cdc_if.o
LOAD Application/User/usbd_conf.o
LOAD Application/User/usbd_desc.o
LOAD Drivers/CMSIS/system_stm32f4xx.o
LOAD Drivers/STM32F4xx_HAL_Driver/stm32f4xx_hal.o
LOAD Drivers/STM32F4xx_HAL_Driver/stm32f4xx_hal_adc.o
LOAD Drivers/STM32F4xx_HAL_Driver/stm32f4xx_hal_adc_ex.o
LOAD Drivers/STM32F4xx_HAL_Driver/stm32f4xx_hal_cortex.o
LOAD Drivers/STM32F4xx_HAL_Driver/stm32f4xx_hal_dac.o
LOAD Drivers/STM32F4xx_HAL_Driver/stm32f4xx_hal_dac_ex.o
LOAD Drivers/STM32F4xx_HAL_Driver/stm32f4xx_hal_dma.o
LOAD Drivers/STM32F4xx_HAL_Driver/stm32f4xx_hal_dma_ex.o
LOAD Drivers/STM32F4xx_HAL_Driver/stm32f4xx_hal_flash.o
LOAD Drivers/STM32F4xx_HAL_Driver/stm32f4xx_hal_flash_ex.o
LOAD Drivers/STM32F4xx_HAL_Driver/stm32f4xx_hal_flash_ramfunc.o
LOAD Drivers/STM32F4xx_HAL_Driver/stm32f4xx_hal_gpio.o
LOAD Drivers/STM32F4xx_HAL_Driver/stm32f4xx_hal_pcd.o
LOAD Drivers/STM32F4xx_HAL_Driver/stm32f4xx_hal_pcd_ex.o
LOAD Drivers/STM32F4xx_HAL_Driver/stm32f4xx_hal_pwr.o
LOAD Drivers/STM32F4xx_HAL_Driver/stm32f4xx_hal_pwr_ex.o
LOAD Drivers/STM32F4xx_HAL_Driver/stm32f4xx_hal_rcc.o
LOAD Drivers/STM32F4xx_HAL_Driver/stm32f4xx_hal_rcc_ex.o
LOAD Drivers/STM32F4xx_HAL_Driver/stm32f4xx_hal_sdram.o
LOAD Drivers/STM32F4xx_HAL_Driver/stm32f4xx_hal_spi.o
LOAD Drivers/STM32F4xx_HAL_Driver/stm32f4xx_hal_tim.o
LOAD Drivers/STM32F4xx_HAL_Driver/stm32f4xx_hal_tim_ex.o
LOAD Drivers/STM32F4xx_HAL_Driver/stm32f4xx_hal_uart.o
LOAD Drivers/STM32F4xx_HAL_Driver/stm32f4xx_ll_fmc.o
LOAD Drivers/STM32F4xx_HAL_Driver/stm32f4xx_ll_usb.o
LOAD Middlewares/USB_Device_Library/usbd_cdc.o
LOAD Middlewares/USB_Device_Library/usbd_core.o
LOAD Middlewares/USB_Device_Library/usbd_ctlreq.o
LOAD Middlewares/USB_Device_Library/usbd_ioreq.o
LOAD d:/ac6/workbench/plugins/fr.ac6.mcu.externaltools.arm-none.win32_1.17.0.201812190825/tools/compiler/bin/../lib/gcc/arm-none-eabi/7.3.1/../../../../arm-none-eabi/lib/thumb/v7e-m/fpv4-sp/hard\libm.a
START GROUP
LOAD d:/ac6/workbench/plugins/fr.ac6.mcu.externaltools.arm-none.win32_1.17.0.201812190825/tools/compiler/bin/../lib/gcc/arm-none-eabi/7.3.1/thumb/v7e-m/fpv4-sp/hard\libgcc.a
LOAD d:/ac6/workbench/plugins/fr.ac6.mcu.externaltools.arm-none.win32_1.17.0.201812190825/tools/compiler/bin/../lib/gcc/arm-none-eabi/7.3.1/../../../../arm-none-eabi/lib/thumb/v7e-m/fpv4-sp/hard\libc_nano.a
END GROUP
START GROUP
LOAD d:/ac6/workbench/plugins/fr.ac6.mcu.externaltools.arm-none.win32_1.17.0.201812190825/tools/compiler/bin/../lib/gcc/arm-none-eabi/7.3.1/thumb/v7e-m/fpv4-sp/hard\libgcc.a
LOAD d:/ac6/workbench/plugins/fr.ac6.mcu.externaltools.arm-none.win32_1.17.0.201812190825/tools/compiler/bin/../lib/gcc/arm-none-eabi/7.3.1/../../../../arm-none-eabi/lib/thumb/v7e-m/fpv4-sp/hard\libc_nano.a
LOAD d:/ac6/workbench/plugins/fr.ac6.mcu.externaltools.arm-none.win32_1.17.0.201812190825/tools/compiler/bin/../lib/gcc/arm-none-eabi/7.3.1/../../../../arm-none-eabi/lib/thumb/v7e-m/fpv4-sp/hard\libnosys.a
END GROUP
START GROUP
LOAD d:/ac6/workbench/plugins/fr.ac6.mcu.externaltools.arm-none.win32_1.17.0.201812190825/tools/compiler/bin/../lib/gcc/arm-none-eabi/7.3.1/thumb/v7e-m/fpv4-sp/hard\libgcc.a
LOAD d:/ac6/workbench/plugins/fr.ac6.mcu.externaltools.arm-none.win32_1.17.0.201812190825/tools/compiler/bin/../lib/gcc/arm-none-eabi/7.3.1/../../../../arm-none-eabi/lib/thumb/v7e-m/fpv4-sp/hard\libc_nano.a
LOAD d:/ac6/workbench/plugins/fr.ac6.mcu.externaltools.arm-none.win32_1.17.0.201812190825/tools/compiler/bin/../lib/gcc/arm-none-eabi/7.3.1/../../../../arm-none-eabi/lib/thumb/v7e-m/fpv4-sp/hard\libnosys.a
END GROUP
LOAD d:/ac6/workbench/plugins/fr.ac6.mcu.externaltools.arm-none.win32_1.17.0.201812190825/tools/compiler/bin/../lib/gcc/arm-none-eabi/7.3.1/thumb/v7e-m/fpv4-sp/hard/crtend.o
LOAD d:/ac6/workbench/plugins/fr.ac6.mcu.externaltools.arm-none.win32_1.17.0.201812190825/tools/compiler/bin/../lib/gcc/arm-none-eabi/7.3.1/thumb/v7e-m/fpv4-sp/hard/crtn.o
                0x20030000                _estack = 0x20030000
                0x00000200                _Min_Heap_Size = 0x200
                0x00000400                _Min_Stack_Size = 0x400

.isr_vector     0x08000000      0x1ac
                0x08000000                . = ALIGN (0x4)
 *(.isr_vector)
 .isr_vector    0x08000000      0x1ac Application/SW4STM32/startup_stm32f429xx.o
                0x08000000                g_pfnVectors
                0x080001ac                . = ALIGN (0x4)

.text           0x080001b0    0x100b4
                0x080001b0                . = ALIGN (0x4)
 *(.text)
 .text          0x080001b0       0x40 d:/ac6/workbench/plugins/fr.ac6.mcu.externaltools.arm-none.win32_1.17.0.201812190825/tools/compiler/bin/../lib/gcc/arm-none-eabi/7.3.1/thumb/v7e-m/fpv4-sp/hard/crtbegin.o
 .text          0x080001f0      0x378 d:/ac6/workbench/plugins/fr.ac6.mcu.externaltools.arm-none.win32_1.17.0.201812190825/tools/compiler/bin/../lib/gcc/arm-none-eabi/7.3.1/thumb/v7e-m/fpv4-sp/hard\libgcc.a(_arm_addsubdf3.o)
                0x080001f0                __aeabi_drsub
                0x080001f8                __aeabi_dsub
                0x080001f8                __subdf3
                0x080001fc                __aeabi_dadd
                0x080001fc                __adddf3
                0x08000474                __floatunsidf
                0x08000474                __aeabi_ui2d
                0x08000494                __floatsidf
                0x08000494                __aeabi_i2d
                0x080004b8                __aeabi_f2d
                0x080004b8                __extendsfdf2
                0x080004fc                __floatundidf
                0x080004fc                __aeabi_ul2d
                0x0800050c                __floatdidf
                0x0800050c                __aeabi_l2d
 .text          0x08000568      0x424 d:/ac6/workbench/plugins/fr.ac6.mcu.externaltools.arm-none.win32_1.17.0.201812190825/tools/compiler/bin/../lib/gcc/arm-none-eabi/7.3.1/thumb/v7e-m/fpv4-sp/hard\libgcc.a(_arm_muldivdf3.o)
                0x08000568                __aeabi_dmul
                0x08000568                __muldf3
                0x080007bc                __divdf3
                0x080007bc                __aeabi_ddiv
 .text          0x0800098c       0x40 d:/ac6/workbench/plugins/fr.ac6.mcu.externaltools.arm-none.win32_1.17.0.201812190825/tools/compiler/bin/../lib/gcc/arm-none-eabi/7.3.1/thumb/v7e-m/fpv4-sp/hard\libgcc.a(_arm_fixunsdfsi.o)
                0x0800098c                __aeabi_d2uiz
                0x0800098c                __fixunsdfsi
 .text          0x080009cc       0xa0 d:/ac6/workbench/plugins/fr.ac6.mcu.externaltools.arm-none.win32_1.17.0.201812190825/tools/compiler/bin/../lib/gcc/arm-none-eabi/7.3.1/thumb/v7e-m/fpv4-sp/hard\libgcc.a(_arm_truncdfsf2.o)
                0x080009cc                __truncdfsf2
                0x080009cc                __aeabi_d2f
 .text          0x08000a6c       0x30 d:/ac6/workbench/plugins/fr.ac6.mcu.externaltools.arm-none.win32_1.17.0.201812190825/tools/compiler/bin/../lib/gcc/arm-none-eabi/7.3.1/thumb/v7e-m/fpv4-sp/hard\libgcc.a(_aeabi_uldivmod.o)
                0x08000a6c                __aeabi_uldivmod
 .text          0x08000a9c      0x2cc d:/ac6/workbench/plugins/fr.ac6.mcu.externaltools.arm-none.win32_1.17.0.201812190825/tools/compiler/bin/../lib/gcc/arm-none-eabi/7.3.1/thumb/v7e-m/fpv4-sp/hard\libgcc.a(_udivmoddi4.o)
                0x08000a9c                __udivmoddi4
 .text          0x08000d68        0x4 d:/ac6/workbench/plugins/fr.ac6.mcu.externaltools.arm-none.win32_1.17.0.201812190825/tools/compiler/bin/../lib/gcc/arm-none-eabi/7.3.1/thumb/v7e-m/fpv4-sp/hard\libgcc.a(_dvmd_tls.o)
                0x08000d68                __aeabi_idiv0
                0x08000d68                __aeabi_ldiv0
 .text          0x08000d6c       0x10 d:/ac6/workbench/plugins/fr.ac6.mcu.externaltools.arm-none.win32_1.17.0.201812190825/tools/compiler/bin/../lib/gcc/arm-none-eabi/7.3.1/../../../../arm-none-eabi/lib/thumb/v7e-m/fpv4-sp/hard\libc_nano.a(lib_a-strlen.o)
                0x08000d6c                strlen
 *fill*         0x08000d7c        0x4 
 .text          0x08000d80       0xa0 d:/ac6/workbench/plugins/fr.ac6.mcu.externaltools.arm-none.win32_1.17.0.201812190825/tools/compiler/bin/../lib/gcc/arm-none-eabi/7.3.1/../../../../arm-none-eabi/lib/thumb/v7e-m/fpv4-sp/hard\libc_nano.a(lib_a-memchr.o)
                0x08000d80                memchr
 *(.text*)
 .text.TM_FATFS_SPI_FLASH_disk_write
                0x08000e20        0x4 Application/FatFS/diskio.o
                0x08000e20                TM_FATFS_SPI_FLASH_disk_write
 .text.TM_FATFS_USB_disk_read
                0x08000e24        0x4 Application/FatFS/diskio.o
                0x08000e24                TM_FATFS_USB_disk_read
 .text.TM_FATFS_SDRAM_disk_read
                0x08000e28        0x4 Application/FatFS/diskio.o
                0x08000e28                TM_FATFS_SDRAM_disk_read
 .text.TM_FATFS_SPI_FLASH_disk_read
                0x08000e2c        0x4 Application/FatFS/diskio.o
                0x08000e2c                TM_FATFS_SPI_FLASH_disk_read
 .text.TM_FATFS_USB_disk_write
                0x08000e30        0x4 Application/FatFS/diskio.o
                0x08000e30                TM_FATFS_USB_disk_write
 .text.TM_FATFS_SDRAM_disk_write
                0x08000e34        0x4 Application/FatFS/diskio.o
                0x08000e34                TM_FATFS_SDRAM_disk_write
 .text.TM_FATFS_USB_disk_ioctl
                0x08000e38        0x4 Application/FatFS/diskio.o
                0x08000e38                TM_FATFS_USB_disk_ioctl
 .text.TM_FATFS_SDRAM_disk_ioctl
                0x08000e3c        0x4 Application/FatFS/diskio.o
                0x08000e3c                TM_FATFS_SDRAM_disk_ioctl
 .text.TM_FATFS_SPI_FLASH_disk_ioctl
                0x08000e40        0x4 Application/FatFS/diskio.o
                0x08000e40                TM_FATFS_SPI_FLASH_disk_ioctl
 .text.TM_FATFS_USB_disk_initialize
                0x08000e44        0x4 Application/FatFS/diskio.o
                0x08000e44                TM_FATFS_USB_disk_initialize
 .text.TM_FATFS_SDRAM_disk_initialize
                0x08000e48        0x4 Application/FatFS/diskio.o
                0x08000e48                TM_FATFS_SDRAM_disk_initialize
 .text.TM_FATFS_SPI_FLASH_disk_initialize
                0x08000e4c        0x4 Application/FatFS/diskio.o
                0x08000e4c                TM_FATFS_SPI_FLASH_disk_initialize
 .text.TM_FATFS_USB_disk_status
                0x08000e50        0x4 Application/FatFS/diskio.o
                0x08000e50                TM_FATFS_USB_disk_status
 .text.TM_FATFS_SDRAM_disk_status
                0x08000e54        0x4 Application/FatFS/diskio.o
                0x08000e54                TM_FATFS_SDRAM_disk_status
 .text.TM_FATFS_SPI_FLASH_disk_status
                0x08000e58        0x4 Application/FatFS/diskio.o
                0x08000e58                TM_FATFS_SPI_FLASH_disk_status
 .text.disk_initialize
                0x08000e5c       0x18 Application/FatFS/diskio.o
                0x08000e5c                disk_initialize
 .text.disk_status
                0x08000e74       0x18 Application/FatFS/diskio.o
                0x08000e74                disk_status
 .text.disk_read
                0x08000e8c       0x30 Application/FatFS/diskio.o
                0x08000e8c                disk_read
 .text.disk_write
                0x08000ebc       0x30 Application/FatFS/diskio.o
                0x08000ebc                disk_write
 .text.disk_ioctl
                0x08000eec       0x1c Application/FatFS/diskio.o
                0x08000eec                disk_ioctl
 .text.get_fattime
                0x08000f08        0x8 Application/FatFS/diskio.o
                0x08000f08                get_fattime
 .text.wait_ready
                0x08000f10       0x48 Application/FatFS/fatfs_sd.o
 .text.deselect
                0x08000f58       0x48 Application/FatFS/fatfs_sd.o
 .text.select   0x08000fa0       0x74 Application/FatFS/fatfs_sd.o
 .text.xmit_datablock
                0x08001014      0x100 Application/FatFS/fatfs_sd.o
 .text.rcvr_datablock
                0x08001114       0xc0 Application/FatFS/fatfs_sd.o
 .text.send_cmd
                0x080011d4      0x204 Application/FatFS/fatfs_sd.o
 .text.TM_FATFS_SD_disk_initialize
                0x080013d8      0x1b4 Application/FatFS/fatfs_sd.o
                0x080013d8                TM_FATFS_SD_disk_initialize
 .text.TM_FATFS_SD_disk_status
                0x0800158c       0x14 Application/FatFS/fatfs_sd.o
                0x0800158c                TM_FATFS_SD_disk_status
 .text.TM_FATFS_SD_disk_read
                0x080015a0       0x84 Application/FatFS/fatfs_sd.o
                0x080015a0                TM_FATFS_SD_disk_read
 .text.TM_FATFS_SD_disk_write
                0x08001624       0xa0 Application/FatFS/fatfs_sd.o
                0x08001624                TM_FATFS_SD_disk_write
 .text.TM_FATFS_SD_disk_ioctl
                0x080016c4      0x234 Application/FatFS/fatfs_sd.o
                0x080016c4                TM_FATFS_SD_disk_ioctl
 .text.mem_cpy  0x080018f8       0x14 Application/FatFS/ff.o
 .text.mem_set  0x0800190c        0xe Application/FatFS/ff.o
 .text.ld_clust
                0x0800191a       0x20 Application/FatFS/ff.o
 .text.get_fileinfo
                0x0800193a       0x6c Application/FatFS/ff.o
 *fill*         0x080019a6        0x2 
 .text.get_ldnumber
                0x080019a8       0xbc Application/FatFS/ff.o
 .text.sync_window
                0x08001a64       0x62 Application/FatFS/ff.o
 .text.move_window
                0x08001ac6       0x36 Application/FatFS/ff.o
 .text.check_fs
                0x08001afc       0x8c Application/FatFS/ff.o
 .text.validate
                0x08001b88       0x38 Application/FatFS/ff.o
 .text.find_volume
                0x08001bc0      0x3b8 Application/FatFS/ff.o
 .text.sync_fs  0x08001f78       0xba Application/FatFS/ff.o
 .text.clust2sect
                0x08002032       0x16 Application/FatFS/ff.o
                0x08002032                clust2sect
 .text.get_fat  0x08002048       0xe4 Application/FatFS/ff.o
                0x08002048                get_fat
 .text.dir_sdi  0x0800212c       0x9c Application/FatFS/ff.o
 .text.dir_remove
                0x080021c8       0x38 Application/FatFS/ff.o
 .text.put_fat  0x08002200      0x132 Application/FatFS/ff.o
                0x08002200                put_fat
 .text.create_chain
                0x08002332       0xba Application/FatFS/ff.o
 .text.dir_next
                0x080023ec      0x10c Application/FatFS/ff.o
 .text.follow_path
                0x080024f8      0x240 Application/FatFS/ff.o
 .text.dir_alloc
                0x08002738       0x4e Application/FatFS/ff.o
 .text.dir_register
                0x08002786       0x3c Application/FatFS/ff.o
 .text.dir_read
                0x080027c2       0x5a Application/FatFS/ff.o
 .text.remove_chain
                0x0800281c       0x6e Application/FatFS/ff.o
 *fill*         0x0800288a        0x2 
 .text.f_mount  0x0800288c       0x68 Application/FatFS/ff.o
                0x0800288c                f_mount
 .text.f_open   0x080028f4      0x180 Application/FatFS/ff.o
                0x080028f4                f_open
 .text.f_read   0x08002a74      0x18e Application/FatFS/ff.o
                0x08002a74                f_read
 .text.f_write  0x08002c02      0x1cc Application/FatFS/ff.o
                0x08002c02                f_write
 .text.f_sync   0x08002dce       0xaa Application/FatFS/ff.o
                0x08002dce                f_sync
 .text.f_close  0x08002e78       0x22 Application/FatFS/ff.o
                0x08002e78                f_close
 *fill*         0x08002e9a        0x2 
 .text.f_getcwd
                0x08002e9c      0x15c Application/FatFS/ff.o
                0x08002e9c                f_getcwd
 .text.f_lseek  0x08002ff8      0x174 Application/FatFS/ff.o
                0x08002ff8                f_lseek
 .text.f_opendir
                0x0800316c       0x72 Application/FatFS/ff.o
                0x0800316c                f_opendir
 .text.f_closedir
                0x080031de       0x14 Application/FatFS/ff.o
                0x080031de                f_closedir
 .text.f_readdir
                0x080031f2       0x5c Application/FatFS/ff.o
                0x080031f2                f_readdir
 .text.f_truncate
                0x0800324e       0xb2 Application/FatFS/ff.o
                0x0800324e                f_truncate
 .text.f_unlink
                0x08003300       0xda Application/FatFS/ff.o
                0x08003300                f_unlink
 *fill*         0x080033da        0x2 
 .text.sFLASH_Init
                0x080033dc       0x10 Application/SPIFFS/spi_flash.o
                0x080033dc                sFLASH_Init
 .text.sFLASH_ReadBuffer
                0x080033ec       0xbc Application/SPIFFS/spi_flash.o
                0x080033ec                sFLASH_ReadBuffer
 .text.sFLASH_WriteEnable
                0x080034a8       0x40 Application/SPIFFS/spi_flash.o
                0x080034a8                sFLASH_WriteEnable
 .text.sFLASH_WaitForWriteEnd
                0x080034e8       0x60 Application/SPIFFS/spi_flash.o
                0x080034e8                sFLASH_WaitForWriteEnd
 .text.sFLASH_EraseSector
                0x08003548       0x90 Application/SPIFFS/spi_flash.o
                0x08003548                sFLASH_EraseSector
 .text.sFLASH_EraseSubSector
                0x080035d8       0x90 Application/SPIFFS/spi_flash.o
                0x080035d8                sFLASH_EraseSubSector
 .text.sFLASH_Erase
                0x08003668       0x64 Application/SPIFFS/spi_flash.o
                0x08003668                sFLASH_Erase
 .text.sFLASH_WritePage
                0x080036cc       0xc0 Application/SPIFFS/spi_flash.o
                0x080036cc                sFLASH_WritePage
 .text.sFLASH_WriteBuffer
                0x0800378c       0xec Application/SPIFFS/spi_flash.o
                0x0800378c                sFLASH_WriteBuffer
 .text.spiffs_cache_page_get.isra.0
                0x08003878       0x50 Application/SPIFFS/spiffs_cache.o
 .text.spiffs_cache_page_remove_oldest.constprop.2
                0x080038c8       0xb4 Application/SPIFFS/spiffs_cache.o
 .text.spiffs_phys_rd
                0x0800397c      0x154 Application/SPIFFS/spiffs_cache.o
                0x0800397c                spiffs_phys_rd
 .text.spiffs_cache_init
                0x08003ad0       0x9c Application/SPIFFS/spiffs_cache.o
                0x08003ad0                spiffs_cache_init
 .text.SPIFFS_mount
                0x08003b6c       0xd8 Application/SPIFFS/spiffs_hydrogen.o
                0x08003b6c                SPIFFS_mount
 .text.spiffs_obj_lu_scan_v
                0x08003c44       0x30 Application/SPIFFS/spiffs_nucleus.o
 .text.spiffs_obj_lu_find_entry_visitor
                0x08003c74      0x1f8 Application/SPIFFS/spiffs_nucleus.o
                0x08003c74                spiffs_obj_lu_find_entry_visitor
 .text.spiffs_obj_lu_scan
                0x08003e6c       0xe8 Application/SPIFFS/spiffs_nucleus.o
                0x08003e6c                spiffs_obj_lu_scan
 .text.Reset_Handler
                0x08003f54       0x50 Application/SW4STM32/startup_stm32f429xx.o
                0x08003f54                Reset_Handler
 .text.Default_Handler
                0x08003fa4        0x2 Application/SW4STM32/startup_stm32f429xx.o
                0x08003fa4                RTC_Alarm_IRQHandler
                0x08003fa4                HASH_RNG_IRQHandler
                0x08003fa4                TIM8_CC_IRQHandler
                0x08003fa4                DebugMon_Handler
                0x08003fa4                UART8_IRQHandler
                0x08003fa4                SPI4_IRQHandler
                0x08003fa4                TIM1_CC_IRQHandler
                0x08003fa4                DMA2_Stream5_IRQHandler
                0x08003fa4                HardFault_Handler
                0x08003fa4                DMA1_Stream5_IRQHandler
                0x08003fa4                SDIO_IRQHandler
                0x08003fa4                TAMP_STAMP_IRQHandler
                0x08003fa4                NMI_Handler
                0x08003fa4                CAN2_RX1_IRQHandler
                0x08003fa4                EXTI3_IRQHandler
                0x08003fa4                TIM8_TRG_COM_TIM14_IRQHandler
                0x08003fa4                TIM1_UP_TIM10_IRQHandler
                0x08003fa4                I2C3_ER_IRQHandler
                0x08003fa4                I2C2_EV_IRQHandler
                0x08003fa4                DMA1_Stream2_IRQHandler
                0x08003fa4                CAN1_RX0_IRQHandler
                0x08003fa4                FPU_IRQHandler
                0x08003fa4                OTG_HS_WKUP_IRQHandler
                0x08003fa4                UsageFault_Handler
                0x08003fa4                LTDC_ER_IRQHandler
                0x08003fa4                CAN2_SCE_IRQHandler
                0x08003fa4                DMA2_Stream2_IRQHandler
                0x08003fa4                SPI1_IRQHandler
                0x08003fa4                TIM6_DAC_IRQHandler
                0x08003fa4                DCMI_IRQHandler
                0x08003fa4                CAN2_RX0_IRQHandler
                0x08003fa4                USART6_IRQHandler
                0x08003fa4                USART3_IRQHandler
                0x08003fa4                CAN1_RX1_IRQHandler
                0x08003fa4                UART5_IRQHandler
                0x08003fa4                DMA2_Stream0_IRQHandler
                0x08003fa4                I2C1_EV_IRQHandler
                0x08003fa4                DMA1_Stream1_IRQHandler
                0x08003fa4                UART4_IRQHandler
                0x08003fa4                TIM3_IRQHandler
                0x08003fa4                RCC_IRQHandler
                0x08003fa4                TIM8_BRK_TIM12_IRQHandler
                0x08003fa4                Default_Handler
                0x08003fa4                DMA1_Stream7_IRQHandler
                0x08003fa4                SPI5_IRQHandler
                0x08003fa4                TIM7_IRQHandler
                0x08003fa4                CAN2_TX_IRQHandler
                0x08003fa4                TIM5_IRQHandler
                0x08003fa4                DMA2_Stream7_IRQHandler
                0x08003fa4                I2C3_EV_IRQHandler
                0x08003fa4                RTC_WKUP_IRQHandler
                0x08003fa4                LTDC_IRQHandler
                0x08003fa4                ETH_WKUP_IRQHandler
                0x08003fa4                SPI2_IRQHandler
                0x08003fa4                OTG_HS_EP1_IN_IRQHandler
                0x08003fa4                MemManage_Handler
                0x08003fa4                DMA1_Stream0_IRQHandler
                0x08003fa4                CAN1_TX_IRQHandler
                0x08003fa4                ETH_IRQHandler
                0x08003fa4                OTG_HS_EP1_OUT_IRQHandler
                0x08003fa4                WWDG_IRQHandler
                0x08003fa4                SPI6_IRQHandler
                0x08003fa4                OTG_FS_WKUP_IRQHandler
                0x08003fa4                TIM1_TRG_COM_TIM11_IRQHandler
                0x08003fa4                DMA2D_IRQHandler
                0x08003fa4                EXTI1_IRQHandler
                0x08003fa4                UART7_IRQHandler
                0x08003fa4                USART2_IRQHandler
                0x08003fa4                I2C2_ER_IRQHandler
                0x08003fa4                CAN1_SCE_IRQHandler
                0x08003fa4                FLASH_IRQHandler
                0x08003fa4                BusFault_Handler
                0x08003fa4                USART1_IRQHandler
                0x08003fa4                OTG_FS_IRQHandler
                0x08003fa4                SPI3_IRQHandler
                0x08003fa4                DMA1_Stream4_IRQHandler
                0x08003fa4                I2C1_ER_IRQHandler
                0x08003fa4                FMC_IRQHandler
                0x08003fa4                DMA2_Stream6_IRQHandler
                0x08003fa4                SAI1_IRQHandler
                0x08003fa4                DMA1_Stream3_IRQHandler
 *fill*         0x08003fa6        0x2 
 .text.TM_DELAY_Init
                0x08003fa8       0x3c Application/TM/tm_stm32_delay.o
                0x08003fa8                TM_DELAY_Init
 .text.TM_DELAY_1msHandler
                0x08003fe4        0x4 Application/TM/tm_stm32_delay.o
                0x08003fe4                TM_DELAY_1msHandler
 .text.HAL_IncTick
                0x08003fe8       0x64 Application/TM/tm_stm32_delay.o
                0x08003fe8                HAL_IncTick
 .text.HAL_Delay
                0x0800404c       0x2c Application/TM/tm_stm32_delay.o
                0x0800404c                HAL_Delay
 .text.HAL_GetTick
                0x08004078        0xc Application/TM/tm_stm32_delay.o
                0x08004078                HAL_GetTick
 .text.TM_HD44780_Cmd4bit
                0x08004084       0x68 Application/TM/tm_stm32_hd44780.o
 .text.TM_HD44780_Cmd
                0x080040ec       0x28 Application/TM/tm_stm32_hd44780.o
 .text.TM_HD44780_CursorSet
                0x08004114       0x3c Application/TM/tm_stm32_hd44780.o
 .text.TM_HD44780_Data
                0x08004150       0x28 Application/TM/tm_stm32_hd44780.o
 .text.TM_HD44780_Init
                0x08004178       0xe8 Application/TM/tm_stm32_hd44780.o
                0x08004178                TM_HD44780_Init
 .text.TM_HD44780_Clear
                0x08004260       0x14 Application/TM/tm_stm32_hd44780.o
                0x08004260                TM_HD44780_Clear
 .text.TM_HD44780_Puts
                0x08004274       0x78 Application/TM/tm_stm32_hd44780.o
                0x08004274                TM_HD44780_Puts
 .text.TM_SPI_WriteMulti
                0x080042ec       0x30 Application/TM/tm_stm32_spi.o
                0x080042ec                TM_SPI_WriteMulti
 .text.TM_SPI_ReadMulti
                0x0800431c       0x38 Application/TM/tm_stm32_spi.o
                0x0800431c                TM_SPI_ReadMulti
 .text.TM_ILI9341_SendCommand
                0x08004354       0x48 Application/TM/tm_stm32f4_ili9341.o
                0x08004354                TM_ILI9341_SendCommand
 .text.TM_ILI9341_SendData
                0x0800439c       0x48 Application/TM/tm_stm32f4_ili9341.o
                0x0800439c                TM_ILI9341_SendData
 .text.TM_ILI9341_InitLCD
                0x080043e4      0x278 Application/TM/tm_stm32f4_ili9341.o
                0x080043e4                TM_ILI9341_InitLCD
 .text.TM_ILI9341_SetCursorPosition
                0x0800465c       0x4c Application/TM/tm_stm32f4_ili9341.o
                0x0800465c                TM_ILI9341_SetCursorPosition
 .text.TM_ILI9341_DrawPixel
                0x080046a8       0x24 Application/TM/tm_stm32f4_ili9341.o
                0x080046a8                TM_ILI9341_DrawPixel
 .text.TM_ILI9341_INT_Fill
                0x080046cc       0xdc Application/TM/tm_stm32f4_ili9341.o
                0x080046cc                TM_ILI9341_INT_Fill
 .text.TM_ILI9341_Fill
                0x080047a8       0x24 Application/TM/tm_stm32f4_ili9341.o
                0x080047a8                TM_ILI9341_Fill
 .text.TM_ILI9341_Init
                0x080047cc       0x54 Application/TM/tm_stm32f4_ili9341.o
                0x080047cc                TM_ILI9341_Init
 .text.TM_ILI9341_Rotate
                0x08004820       0x60 Application/TM/tm_stm32f4_ili9341.o
                0x08004820                TM_ILI9341_Rotate
 .text.TM_ILI9341_Putc
                0x08004880       0xd0 Application/TM/tm_stm32f4_ili9341.o
                0x08004880                TM_ILI9341_Putc
 .text.TM_ILI9341_Puts
                0x08004950       0x7c Application/TM/tm_stm32f4_ili9341.o
                0x08004950                TM_ILI9341_Puts
 .text.TM_ILI9341_DrawFilledRectangle
                0x080049cc       0x38 Application/TM/tm_stm32f4_ili9341.o
                0x080049cc                TM_ILI9341_DrawFilledRectangle
 .text.TM_KEYPAD_GetChar
                0x08004a04        0xc Application/TM/tm_stm32f4_keypad.o
                0x08004a04                TM_KEYPAD_GetChar
 .text.TM_KEYPAD_Read
                0x08004a10       0x30 Application/TM/tm_stm32f4_keypad.o
                0x08004a10                TM_KEYPAD_Read
 .text.TM_KEYPAD_INT_SetColumn
                0x08004a40       0x84 Application/TM/tm_stm32f4_keypad.o
                0x08004a40                TM_KEYPAD_INT_SetColumn
 .text.TM_KEYPAD_Init
                0x08004ac4        0x8 Application/TM/tm_stm32f4_keypad.o
                0x08004ac4                TM_KEYPAD_Init
 .text.TM_KEYPAD_INT_CheckRow
                0x08004acc       0x64 Application/TM/tm_stm32f4_keypad.o
                0x08004acc                TM_KEYPAD_INT_CheckRow
 .text.TM_KEYPAD_INT_Read
                0x08004b30       0x44 Application/TM/tm_stm32f4_keypad.o
                0x08004b30                TM_KEYPAD_INT_Read
 .text.TM_KEYPAD_Update
                0x08004b74       0x44 Application/TM/tm_stm32f4_keypad.o
                0x08004b74                TM_KEYPAD_Update
 .text.SRAM_readerPosition
                0x08004bb8        0xc Application/User/SRAMDriver.o
                0x08004bb8                SRAM_readerPosition
 .text.SRAM_seekRead
                0x08004bc4       0x58 Application/User/SRAMDriver.o
                0x08004bc4                SRAM_seekRead
 .text.SRAM_seekWrite
                0x08004c1c       0x58 Application/User/SRAMDriver.o
                0x08004c1c                SRAM_seekWrite
 .text.SRAM_written
                0x08004c74        0xc Application/User/SRAMDriver.o
                0x08004c74                SRAM_written
 .text.InitSRAM
                0x08004c80       0x40 Application/User/SRAMDriver.o
                0x08004c80                InitSRAM
 .text.SRAMWriteStatusReg
                0x08004cc0       0x6c Application/User/SRAMDriver.o
                0x08004cc0                SRAMWriteStatusReg
 .text.SRAMCommand
                0x08004d2c       0x5c Application/User/SRAMDriver.o
                0x08004d2c                SRAMCommand
 .text.SRAMWriteSeq
                0x08004d88       0x84 Application/User/SRAMDriver.o
                0x08004d88                SRAMWriteSeq
 .text.writeSRAM
                0x08004e0c      0x15c Application/User/SRAMDriver.o
                0x08004e0c                writeSRAM
 .text.SRAMReadSeq
                0x08004f68       0x84 Application/User/SRAMDriver.o
                0x08004f68                SRAMReadSeq
 .text.readSRAM
                0x08004fec      0x15c Application/User/SRAMDriver.o
                0x08004fec                readSRAM
 .text.HAL_ADC_ErrorCallback
                0x08005148       0x20 Application/User/adc.o
                0x08005148                HAL_ADC_ErrorCallback
 .text.HAL_ADC_ConvCpltCallback
                0x08005168       0xa8 Application/User/adc.o
                0x08005168                HAL_ADC_ConvCpltCallback
 .text.MX_ADC1_Init
                0x08005210       0x74 Application/User/adc.o
                0x08005210                MX_ADC1_Init
 .text.MX_ADC3_Init
                0x08005284       0x8c Application/User/adc.o
                0x08005284                MX_ADC3_Init
 .text.HAL_ADC_MspInit
                0x08005310      0x104 Application/User/adc.o
                0x08005310                HAL_ADC_MspInit
 .text.ShortDelayUS
                0x08005414       0x2c Application/User/ads1256_test.o
                0x08005414                ShortDelayUS
 .text.ADS1256_Send8Bit
                0x08005440       0x48 Application/User/ads1256_test.o
                0x08005440                ADS1256_Send8Bit
 .text.ADS1256_WriteReg
                0x08005488       0x3c Application/User/ads1256_test.o
                0x08005488                ADS1256_WriteReg
 .text.ADS1256_ReadReg
                0x080054c4       0x78 Application/User/ads1256_test.o
                0x080054c4                ADS1256_ReadReg
 .text.ADS1256_WriteCmd
                0x0800553c       0x2c Application/User/ads1256_test.o
                0x0800553c                ADS1256_WriteCmd
 .text.ADS1256_SetDiffChannel
                0x08005568       0x30 Application/User/ads1256_test.o
                0x08005568                ADS1256_SetDiffChannel
 .text.ADS1256_WaitDRDY
                0x08005598       0x24 Application/User/ads1256_test.o
                0x08005598                ADS1256_WaitDRDY
 .text.ADS1256_CfgADC
                0x080055bc       0x88 Application/User/ads1256_test.o
                0x080055bc                ADS1256_CfgADC
 .text.ADS1256_ReadChipID
                0x08005644       0x14 Application/User/ads1256_test.o
                0x08005644                ADS1256_ReadChipID
 .text.ADS1256_ReadData
                0x08005658       0xb8 Application/User/ads1256_test.o
                0x08005658                ADS1256_ReadData
 .text.Write_DAC8552
                0x08005710       0x4c Application/User/ads1256_test.o
                0x08005710                Write_DAC8552
 .text.Write_DAC8552_Both
                0x0800575c       0x7c Application/User/ads1256_test.o
                0x0800575c                Write_DAC8552_Both
 .text.updateSdramPointer
                0x080057d8       0x28 Application/User/audio.o
                0x080057d8                updateSdramPointer
 .text.setSampleCounter
                0x08005800        0xc Application/User/audio.o
                0x08005800                setSampleCounter
 .text.getStartEndPatterns
                0x0800580c       0x10 Application/User/audio.o
                0x0800580c                getStartEndPatterns
 .text.setStartEndPatterns
                0x0800581c       0x70 Application/User/audio.o
                0x0800581c                setStartEndPatterns
 .text.signed16_unsigned12
                0x0800588c       0x2c Application/User/audio.o
                0x0800588c                signed16_unsigned12
 .text.record_sample
                0x080058b8       0x50 Application/User/audio.o
                0x080058b8                record_sample
 .text.record_samples
                0x08005908      0x124 Application/User/audio.o
                0x08005908                record_samples
 *fill*         0x08005a2c        0x4 
 .text.read_sample
                0x08005a30      0x130 Application/User/audio.o
                0x08005a30                read_sample
 .text.read_samples
                0x08005b60       0x70 Application/User/audio.o
                0x08005b60                read_samples
 .text.play_sample
                0x08005bd0       0x14 Application/User/audio.o
                0x08005bd0                play_sample
 .text.play_samples
                0x08005be4       0xa8 Application/User/audio.o
                0x08005be4                play_samples
 .text.setSampleBytesAndOffset
                0x08005c8c       0x54 Application/User/audio.o
                0x08005c8c                setSampleBytesAndOffset
 .text.setActiveChannelOne
                0x08005ce0       0x3c Application/User/audio.o
                0x08005ce0                setActiveChannelOne
 .text.setActiveChannelTwo
                0x08005d1c       0x40 Application/User/audio.o
                0x08005d1c                setActiveChannelTwo
 .text.toggleActiveBothChannels
                0x08005d5c       0x14 Application/User/audio.o
                0x08005d5c                toggleActiveBothChannels
 .text.pauseLoop
                0x08005d70       0x50 Application/User/audio.o
                0x08005d70                pauseLoop
 .text.stopAll  0x08005dc0       0x7c Application/User/audio.o
                0x08005dc0                stopAll
 .text.MX_DAC_Init
                0x08005e3c       0x48 Application/User/dac.o
                0x08005e3c                MX_DAC_Init
 .text.HAL_DAC_MspInit
                0x08005e84       0x9c Application/User/dac.o
                0x08005e84                HAL_DAC_MspInit
 .text.MX_DMA_Init
                0x08005f20       0x7c Application/User/dma.o
                0x08005f20                MX_DMA_Init
 .text.show_rhythm_params
                0x08005f9c       0x9c Application/User/drums.o
 .text.show_rhythm_param_values.part.0
                0x08006038       0x40 Application/User/drums.o
 .text.show_rhythm_param_values
                0x08006078       0x7c Application/User/drums.o
 .text.seekPattern.constprop.1
                0x080060f4       0x7c Application/User/drums.o
 .text.getRhythmParams
                0x08006170       0x1c Application/User/drums.o
                0x08006170                getRhythmParams
 .text.updateMetronome
                0x0800618c        0xc Application/User/drums.o
                0x0800618c                updateMetronome
 .text.drumLoop
                0x08006198      0x2c8 Application/User/drums.o
                0x08006198                drumLoop
 .text.select_rhythm_params
                0x08006460      0x114 Application/User/drums.o
                0x08006460                select_rhythm_params
 .text.save_first
                0x08006574       0x58 Application/User/drums.o
                0x08006574                save_first
 .text.save_next
                0x080065cc       0x8c Application/User/drums.o
                0x080065cc                save_next
 .text.readDrums
                0x08006658       0xb0 Application/User/drums.o
                0x08006658                readDrums
 .text.stopDrums
                0x08006708       0x20 Application/User/drums.o
                0x08006708                stopDrums
 .text.readDrumKeyboard
                0x08006728       0xec Application/User/drums.o
                0x08006728                readDrumKeyboard
 .text.midiDrumHandler
                0x08006814       0xf4 Application/User/drums.o
                0x08006814                midiDrumHandler
 .text.clear_drums
                0x08006908       0x34 Application/User/drums.o
                0x08006908                clear_drums
 .text.preview_drums
                0x0800693c      0x344 Application/User/drums.o
                0x0800693c                preview_drums
 .text.play_drums
                0x08006c80       0xd8 Application/User/drums.o
                0x08006c80                play_drums
 .text.record_drums
                0x08006d58      0x280 Application/User/drums.o
                0x08006d58                record_drums
 .text.MX_FMC_Init
                0x08006fd8       0x58 Application/User/fmc.o
                0x08006fd8                MX_FMC_Init
 .text.HAL_SDRAM_MspInit
                0x08007030       0xdc Application/User/fmc.o
                0x08007030                HAL_SDRAM_MspInit
 .text.MX_GPIO_Init
                0x0800710c      0x3dc Application/User/gpio.o
                0x0800710c                MX_GPIO_Init
 .text.HAL_GPIO_EXTI_Callback
                0x080074e8      0x340 Application/User/gpio.o
                0x080074e8                HAL_GPIO_EXTI_Callback
 .text.Read_Joystick
                0x08007828       0x28 Application/User/joystick.o
                0x08007828                Read_Joystick
 .text.Update_Joystick
                0x08007850       0x38 Application/User/joystick.o
                0x08007850                Update_Joystick
 .text.Active_Joystick
                0x08007888       0x20 Application/User/joystick.o
                0x08007888                Active_Joystick
 .text.my_spiffs_erase
                0x080078a8        0x4 Application/User/main.o
 .text.my_spiffs_write
                0x080078ac       0x14 Application/User/main.o
 .text.my_spiffs_read
                0x080078c0       0x14 Application/User/main.o
 .text.SystemClock_Config
                0x080078d4       0xb0 Application/User/main.o
                0x080078d4                SystemClock_Config
 .text.startup.main
                0x08007984      0x230 Application/User/main.o
                0x08007984                main
 .text.buttonHandler
                0x08007bb4       0xbc Application/User/main.o
                0x08007bb4                buttonHandler
 .text.set_function
                0x08007c70       0x20 Application/User/main.o
                0x08007c70                set_function
 .text._Error_Handler
                0x08007c90        0x4 Application/User/main.o
                0x08007c90                _Error_Handler
 .text.HAL_DACEx_ConvCpltCallbackCh2
                0x08007c94       0x10 Application/User/memops.o
                0x08007c94                HAL_DACEx_ConvCpltCallbackCh2
 .text.HAL_DACEx_ConvHalfCpltCallbackCh2
                0x08007ca4       0x10 Application/User/memops.o
                0x08007ca4                HAL_DACEx_ConvHalfCpltCallbackCh2
 .text.SD_readSingleTrack
                0x08007cb4      0x154 Application/User/memops.o
                0x08007cb4                SD_readSingleTrack
 .text.SD_ReadAudio
                0x08007e08      0x10c Application/User/memops.o
                0x08007e08                SD_ReadAudio
 .text.SD_WriteAudio
                0x08007f14       0x8c Application/User/memops.o
                0x08007f14                SD_WriteAudio
 .text.checkSD  0x08007fa0       0x7c Application/User/memops.o
                0x08007fa0                checkSD
 .text.SRAM_download_rhythm
                0x0800801c      0x148 Application/User/memops.o
                0x0800801c                SRAM_download_rhythm
 .text.readLoopFromSD
                0x08008164       0x70 Application/User/memops.o
                0x08008164                readLoopFromSD
 .text.readRhythmFromSD
                0x080081d4       0x6c Application/User/memops.o
                0x080081d4                readRhythmFromSD
 .text.writeSRAMtoSD
                0x08008240       0xa0 Application/User/memops.o
                0x08008240                writeSRAMtoSD
 .text.saveAllLoopsToSD
                0x080082e0       0x68 Application/User/memops.o
                0x080082e0                saveAllLoopsToSD
 .text.saveLoopToSD
                0x08008348       0x60 Application/User/memops.o
                0x08008348                saveLoopToSD
 .text.menuShowOptions
                0x080083a8       0xa0 Application/User/menu.o
                0x080083a8                menuShowOptions
 .text.menuInit
                0x08008448      0x16c Application/User/menu.o
                0x08008448                menuInit
 .text.menuShow
                0x080085b4       0x70 Application/User/menu.o
                0x080085b4                menuShow
 .text.menuStatusLine
                0x08008624       0x34 Application/User/menu.o
                0x08008624                menuStatusLine
 .text.menuShowStatus
                0x08008658      0x104 Application/User/menu.o
                0x08008658                menuShowStatus
 .text.menuClearLines
                0x0800875c       0x54 Application/User/menu.o
                0x0800875c                menuClearLines
 .text.menuTextBox
                0x080087b0       0x5c Application/User/menu.o
                0x080087b0                menuTextBox
 .text.menuMultiLine
                0x0800880c       0x58 Application/User/menu.o
                0x0800880c                menuMultiLine
 .text.menuWaitReturn
                0x08008864       0x1c Application/User/menu.o
                0x08008864                menuWaitReturn
 .text.drumMenuInput
                0x08008880      0x1c4 Application/User/menu.o
                0x08008880                drumMenuInput
 .text.highlight_on
                0x08008a44       0x34 Application/User/menu_callback.o
 .text.highlight_off
                0x08008a78       0x34 Application/User/menu_callback.o
 .text.display_list_asc.isra.0
                0x08008aac       0x64 Application/User/menu_callback.o
 .text.audio_rhythm
                0x08008b10        0x4 Application/User/menu_callback.o
                0x08008b10                audio_rhythm
 .text.audio_only
                0x08008b14        0x4 Application/User/menu_callback.o
                0x08008b14                audio_only
 .text.get_file_sd
                0x08008b18      0x2c0 Application/User/menu_callback.o
                0x08008b18                get_file_sd
 .text.get_string
                0x08008dd8      0x2c8 Application/User/menu_callback.o
                0x08008dd8                get_string
 .text.download_rhythm
                0x080090a0       0xbc Application/User/menu_callback.o
                0x080090a0                download_rhythm
 .text.select_rhythm
                0x0800915c       0x6c Application/User/menu_callback.o
                0x0800915c                select_rhythm
 .text.select_channel
                0x080091c8       0x90 Application/User/menu_callback.o
                0x080091c8                select_channel
 .text.select_loops
                0x08009258      0x1e0 Application/User/menu_callback.o
                0x08009258                select_loops
 .text.select_bars
                0x08009438       0xc4 Application/User/menu_callback.o
                0x08009438                select_bars
 .text.record_rhythm
                0x080094fc      0x128 Application/User/menu_callback.o
                0x080094fc                record_rhythm
 .text.menuInitFunctions
                0x08009624       0x44 Application/User/menu_strings.o
                0x08009624                menuInitFunctions
 .text.menuInitMsg
                0x08009668       0x84 Application/User/menu_strings.o
                0x08009668                menuInitMsg
 .text.talkMIDI
                0x080096ec       0x50 Application/User/midi.o
                0x080096ec                talkMIDI
 .text.setupMidi
                0x0800973c       0x38 Application/User/midi.o
                0x0800973c                setupMidi
 .text.playPercussion
                0x08009774       0x14 Application/User/midi.o
                0x08009774                playPercussion
 .text.playBass
                0x08009788       0x30 Application/User/midi.o
                0x08009788                playBass
 .text.playUsbDrums
                0x080097b8       0x40 Application/User/midi.o
                0x080097b8                playUsbDrums
 .text.MX_SPI3_Init
                0x080097f8       0x50 Application/User/spi.o
                0x080097f8                MX_SPI3_Init
 .text.MX_SPI5_Init
                0x08009848       0x50 Application/User/spi.o
                0x08009848                MX_SPI5_Init
 .text.HAL_SPI_MspInit
                0x08009898      0x150 Application/User/spi.o
                0x08009898                HAL_SPI_MspInit
 .text.BSP_LED_Init
                0x080099e8       0x78 Application/User/stm32f429i_discovery.o
                0x080099e8                BSP_LED_Init
 .text.BSP_LED_On
                0x08009a60       0x1c Application/User/stm32f429i_discovery.o
                0x08009a60                BSP_LED_On
 .text.BSP_LED_Off
                0x08009a7c       0x1c Application/User/stm32f429i_discovery.o
                0x08009a7c                BSP_LED_Off
 .text.BSP_PB_Init
                0x08009a98       0x7c Application/User/stm32f429i_discovery.o
                0x08009a98                BSP_PB_Init
 .text.BSP_SDRAM_Initialization_sequence
                0x08009b14       0x9c Application/User/stm32f429i_discovery_sdram.o
                0x08009b14                BSP_SDRAM_Initialization_sequence
 .text.BSP_SDRAM_Init
                0x08009bb0      0x1f8 Application/User/stm32f429i_discovery_sdram.o
                0x08009bb0                BSP_SDRAM_Init
 .text.BSP_SDRAM_ReadData
                0x08009da8       0x10 Application/User/stm32f429i_discovery_sdram.o
                0x08009da8                BSP_SDRAM_ReadData
 .text.BSP_SDRAM_ReadData16b
                0x08009db8       0x10 Application/User/stm32f429i_discovery_sdram.o
                0x08009db8                BSP_SDRAM_ReadData16b
 .text.BSP_SDRAM_WriteData16b
                0x08009dc8       0x28 Application/User/stm32f429i_discovery_sdram.o
                0x08009dc8                BSP_SDRAM_WriteData16b
 .text.HAL_MspInit
                0x08009df0       0xa4 Application/User/stm32f4xx_hal_msp.o
                0x08009df0                HAL_MspInit
 .text.SVC_Handler
                0x08009e94        0x4 Application/User/stm32f4xx_it.o
                0x08009e94                SVC_Handler
 .text.PendSV_Handler
                0x08009e98        0x4 Application/User/stm32f4xx_it.o
                0x08009e98                PendSV_Handler
 .text.SysTick_Handler
                0x08009e9c       0x10 Application/User/stm32f4xx_it.o
                0x08009e9c                SysTick_Handler
 .text.PVD_IRQHandler
                0x08009eac        0x4 Application/User/stm32f4xx_it.o
                0x08009eac                PVD_IRQHandler
 .text.EXTI2_IRQHandler
                0x08009eb0        0x8 Application/User/stm32f4xx_it.o
                0x08009eb0                EXTI2_IRQHandler
 .text.EXTI4_IRQHandler
                0x08009eb8        0x8 Application/User/stm32f4xx_it.o
                0x08009eb8                EXTI4_IRQHandler
 .text.DMA1_Stream6_IRQHandler
                0x08009ec0        0xc Application/User/stm32f4xx_it.o
                0x08009ec0                DMA1_Stream6_IRQHandler
 .text.ADC_IRQHandler
                0x08009ecc       0x1c Application/User/stm32f4xx_it.o
                0x08009ecc                ADC_IRQHandler
 .text.EXTI9_5_IRQHandler
                0x08009ee8       0x1c Application/User/stm32f4xx_it.o
                0x08009ee8                EXTI9_5_IRQHandler
 .text.TIM1_BRK_TIM9_IRQHandler
                0x08009f04       0x18 Application/User/stm32f4xx_it.o
                0x08009f04                TIM1_BRK_TIM9_IRQHandler
 .text.TIM2_IRQHandler
                0x08009f1c       0x14 Application/User/stm32f4xx_it.o
                0x08009f1c                TIM2_IRQHandler
 .text.TIM4_IRQHandler
                0x08009f30       0x14 Application/User/stm32f4xx_it.o
                0x08009f30                TIM4_IRQHandler
 .text.EXTI15_10_IRQHandler
                0x08009f44       0x20 Application/User/stm32f4xx_it.o
                0x08009f44                EXTI15_10_IRQHandler
 .text.TIM8_UP_TIM13_IRQHandler
                0x08009f64       0x38 Application/User/stm32f4xx_it.o
                0x08009f64                TIM8_UP_TIM13_IRQHandler
 .text.DMA2_Stream1_IRQHandler
                0x08009f9c        0xc Application/User/stm32f4xx_it.o
                0x08009f9c                DMA2_Stream1_IRQHandler
 .text.DMA2_Stream3_IRQHandler
                0x08009fa8        0xc Application/User/stm32f4xx_it.o
                0x08009fa8                DMA2_Stream3_IRQHandler
 .text.DMA2_Stream4_IRQHandler
                0x08009fb4        0xc Application/User/stm32f4xx_it.o
                0x08009fb4                DMA2_Stream4_IRQHandler
 .text.OTG_HS_IRQHandler
                0x08009fc0        0xc Application/User/stm32f4xx_it.o
                0x08009fc0                OTG_HS_IRQHandler
 .text.EXTI0_IRQHandler
                0x08009fcc        0x8 Application/User/stm32f4xx_it.o
                0x08009fcc                EXTI0_IRQHandler
 .text.MX_TIM2_Init
                0x08009fd4       0x70 Application/User/tim.o
                0x08009fd4                MX_TIM2_Init
 .text.MX_TIM4_Init
                0x0800a044       0x74 Application/User/tim.o
                0x0800a044                MX_TIM4_Init
 .text.MX_TIM8_Init
                0x0800a0b8       0x74 Application/User/tim.o
                0x0800a0b8                MX_TIM8_Init
 .text.MX_TIM9_Init
                0x0800a12c       0x54 Application/User/tim.o
                0x0800a12c                MX_TIM9_Init
 .text.HAL_TIM_Base_MspInit
                0x0800a180       0xec Application/User/tim.o
                0x0800a180                HAL_TIM_Base_MspInit
 .text.MX_USART1_UART_Init
                0x0800a26c       0x44 Application/User/usart.o
                0x0800a26c                MX_USART1_UART_Init
 .text.HAL_UART_MspInit
                0x0800a2b0       0x50 Application/User/usart.o
                0x0800a2b0                HAL_UART_MspInit
 .text.MX_USB_DEVICE_Init
                0x0800a300       0x38 Application/User/usb_device.o
                0x0800a300                MX_USB_DEVICE_Init
 .text.CDC_DeInit_HS
                0x0800a338        0x4 Application/User/usbd_cdc_if.o
 .text.CDC_Receive_HS
                0x0800a33c       0x78 Application/User/usbd_cdc_if.o
 .text.CDC_Init_HS
                0x0800a3b4       0x28 Application/User/usbd_cdc_if.o
 .text.CDC_Control_HS
                0x0800a3dc       0x18 Application/User/usbd_cdc_if.o
 .text.HAL_PCD_MspInit
                0x0800a3f4       0x8c Application/User/usbd_conf.o
                0x0800a3f4                HAL_PCD_MspInit
 .text.HAL_PCD_SetupStageCallback
                0x0800a480        0xc Application/User/usbd_conf.o
                0x0800a480                HAL_PCD_SetupStageCallback
 .text.HAL_PCD_DataOutStageCallback
                0x0800a48c       0x14 Application/User/usbd_conf.o
                0x0800a48c                HAL_PCD_DataOutStageCallback
 .text.HAL_PCD_DataInStageCallback
                0x0800a4a0       0x14 Application/User/usbd_conf.o
                0x0800a4a0                HAL_PCD_DataInStageCallback
 .text.HAL_PCD_SOFCallback
                0x0800a4b4        0x8 Application/User/usbd_conf.o
                0x0800a4b4                HAL_PCD_SOFCallback
 .text.HAL_PCD_ResetCallback
                0x0800a4bc       0x20 Application/User/usbd_conf.o
                0x0800a4bc                HAL_PCD_ResetCallback
 .text.HAL_PCD_SuspendCallback
                0x0800a4dc       0x30 Application/User/usbd_conf.o
                0x0800a4dc                HAL_PCD_SuspendCallback
 .text.HAL_PCD_ResumeCallback
                0x0800a50c        0x8 Application/User/usbd_conf.o
                0x0800a50c                HAL_PCD_ResumeCallback
 .text.HAL_PCD_ISOOUTIncompleteCallback
                0x0800a514        0x8 Application/User/usbd_conf.o
                0x0800a514                HAL_PCD_ISOOUTIncompleteCallback
 .text.HAL_PCD_ISOINIncompleteCallback
                0x0800a51c        0x8 Application/User/usbd_conf.o
                0x0800a51c                HAL_PCD_ISOINIncompleteCallback
 .text.HAL_PCD_ConnectCallback
                0x0800a524        0x8 Application/User/usbd_conf.o
                0x0800a524                HAL_PCD_ConnectCallback
 .text.HAL_PCD_DisconnectCallback
                0x0800a52c        0x8 Application/User/usbd_conf.o
                0x0800a52c                HAL_PCD_DisconnectCallback
 .text.USBD_LL_Init
                0x0800a534       0x7c Application/User/usbd_conf.o
                0x0800a534                USBD_LL_Init
 .text.USBD_LL_Start
                0x0800a5b0       0x1c Application/User/usbd_conf.o
                0x0800a5b0                USBD_LL_Start
 .text.USBD_LL_OpenEP
                0x0800a5cc       0x20 Application/User/usbd_conf.o
                0x0800a5cc                USBD_LL_OpenEP
 .text.USBD_LL_CloseEP
                0x0800a5ec       0x1c Application/User/usbd_conf.o
                0x0800a5ec                USBD_LL_CloseEP
 .text.USBD_LL_StallEP
                0x0800a608       0x1c Application/User/usbd_conf.o
                0x0800a608                USBD_LL_StallEP
 .text.USBD_LL_ClearStallEP
                0x0800a624       0x1c Application/User/usbd_conf.o
                0x0800a624                USBD_LL_ClearStallEP
 .text.USBD_LL_IsStallEP
                0x0800a640       0x28 Application/User/usbd_conf.o
                0x0800a640                USBD_LL_IsStallEP
 .text.USBD_LL_SetUSBAddress
                0x0800a668       0x1c Application/User/usbd_conf.o
                0x0800a668                USBD_LL_SetUSBAddress
 .text.USBD_LL_Transmit
                0x0800a684       0x1c Application/User/usbd_conf.o
                0x0800a684                USBD_LL_Transmit
 .text.USBD_LL_PrepareReceive
                0x0800a6a0       0x1c Application/User/usbd_conf.o
                0x0800a6a0                USBD_LL_PrepareReceive
 .text.USBD_LL_GetRxDataSize
                0x0800a6bc        0xc Application/User/usbd_conf.o
                0x0800a6bc                USBD_LL_GetRxDataSize
 .text.USBD_HS_DeviceDescriptor
                0x0800a6c8        0xc Application/User/usbd_desc.o
                0x0800a6c8                USBD_HS_DeviceDescriptor
 .text.USBD_HS_LangIDStrDescriptor
                0x0800a6d4        0xc Application/User/usbd_desc.o
                0x0800a6d4                USBD_HS_LangIDStrDescriptor
 .text.USBD_HS_ManufacturerStrDescriptor
                0x0800a6e0       0x1c Application/User/usbd_desc.o
                0x0800a6e0                USBD_HS_ManufacturerStrDescriptor
 .text.USBD_HS_ProductStrDescriptor
                0x0800a6fc       0x1c Application/User/usbd_desc.o
                0x0800a6fc                USBD_HS_ProductStrDescriptor
 .text.USBD_HS_SerialStrDescriptor
                0x0800a718       0x1c Application/User/usbd_desc.o
                0x0800a718                USBD_HS_SerialStrDescriptor
 .text.USBD_HS_ConfigStrDescriptor
                0x0800a734       0x1c Application/User/usbd_desc.o
                0x0800a734                USBD_HS_ConfigStrDescriptor
 .text.USBD_HS_InterfaceStrDescriptor
                0x0800a750       0x1c Application/User/usbd_desc.o
                0x0800a750                USBD_HS_InterfaceStrDescriptor
 .text.SystemInit
                0x0800a76c      0x138 Drivers/CMSIS/system_stm32f4xx.o
                0x0800a76c                SystemInit
 .text.HAL_InitTick
                0x0800a8a4       0x44 Drivers/STM32F4xx_HAL_Driver/stm32f4xx_hal.o
                0x0800a8a4                HAL_InitTick
 .text.HAL_Init
                0x0800a8e8       0x34 Drivers/STM32F4xx_HAL_Driver/stm32f4xx_hal.o
                0x0800a8e8                HAL_Init
 .text.HAL_ADC_Init
                0x0800a91c      0x15c Drivers/STM32F4xx_HAL_Driver/stm32f4xx_hal_adc.o
                0x0800a91c                HAL_ADC_Init
 .text.HAL_ADC_Start_IT
                0x0800aa78       0xe4 Drivers/STM32F4xx_HAL_Driver/stm32f4xx_hal_adc.o
                0x0800aa78                HAL_ADC_Start_IT
 .text.HAL_ADC_Start_DMA
                0x0800ab5c      0x108 Drivers/STM32F4xx_HAL_Driver/stm32f4xx_hal_adc.o
                0x0800ab5c                HAL_ADC_Start_DMA
 .text.HAL_ADC_GetValue
                0x0800ac64        0x8 Drivers/STM32F4xx_HAL_Driver/stm32f4xx_hal_adc.o
                0x0800ac64                HAL_ADC_GetValue
 .text.ADC_DMAConvCplt
                0x0800ac6c       0x5c Drivers/STM32F4xx_HAL_Driver/stm32f4xx_hal_adc.o
 .text.HAL_ADC_ConvHalfCpltCallback
                0x0800acc8        0x4 Drivers/STM32F4xx_HAL_Driver/stm32f4xx_hal_adc.o
                0x0800acc8                HAL_ADC_ConvHalfCpltCallback
 .text.ADC_DMAHalfConvCplt
                0x0800accc        0xc Drivers/STM32F4xx_HAL_Driver/stm32f4xx_hal_adc.o
 .text.HAL_ADC_LevelOutOfWindowCallback
                0x0800acd8        0x4 Drivers/STM32F4xx_HAL_Driver/stm32f4xx_hal_adc.o
                0x0800acd8                HAL_ADC_LevelOutOfWindowCallback
 .text.HAL_ADC_IRQHandler
                0x0800acdc      0x12c Drivers/STM32F4xx_HAL_Driver/stm32f4xx_hal_adc.o
                0x0800acdc                HAL_ADC_IRQHandler
 .text.ADC_DMAError
                0x0800ae08       0x18 Drivers/STM32F4xx_HAL_Driver/stm32f4xx_hal_adc.o
 .text.HAL_ADC_ConfigChannel
                0x0800ae20      0x158 Drivers/STM32F4xx_HAL_Driver/stm32f4xx_hal_adc.o
                0x0800ae20                HAL_ADC_ConfigChannel
 .text.HAL_ADCEx_InjectedConvCpltCallback
                0x0800af78        0x4 Drivers/STM32F4xx_HAL_Driver/stm32f4xx_hal_adc_ex.o
                0x0800af78                HAL_ADCEx_InjectedConvCpltCallback
 .text.HAL_NVIC_SetPriorityGrouping
                0x0800af7c       0x24 Drivers/STM32F4xx_HAL_Driver/stm32f4xx_hal_cortex.o
                0x0800af7c                HAL_NVIC_SetPriorityGrouping
 .text.HAL_NVIC_SetPriority
                0x0800afa0       0x6c Drivers/STM32F4xx_HAL_Driver/stm32f4xx_hal_cortex.o
                0x0800afa0                HAL_NVIC_SetPriority
 .text.HAL_NVIC_EnableIRQ
                0x0800b00c       0x18 Drivers/STM32F4xx_HAL_Driver/stm32f4xx_hal_cortex.o
                0x0800b00c                HAL_NVIC_EnableIRQ
 .text.HAL_NVIC_DisableIRQ
                0x0800b024       0x1c Drivers/STM32F4xx_HAL_Driver/stm32f4xx_hal_cortex.o
                0x0800b024                HAL_NVIC_DisableIRQ
 .text.HAL_SYSTICK_Config
                0x0800b040       0x34 Drivers/STM32F4xx_HAL_Driver/stm32f4xx_hal_cortex.o
                0x0800b040                HAL_SYSTICK_Config
 .text.HAL_SYSTICK_CLKSourceConfig
                0x0800b074       0x18 Drivers/STM32F4xx_HAL_Driver/stm32f4xx_hal_cortex.o
                0x0800b074                HAL_SYSTICK_CLKSourceConfig
 .text.HAL_SYSTICK_Callback
                0x0800b08c        0x4 Drivers/STM32F4xx_HAL_Driver/stm32f4xx_hal_cortex.o
                0x0800b08c                HAL_SYSTICK_Callback
 .text.HAL_SYSTICK_IRQHandler
                0x0800b090        0x8 Drivers/STM32F4xx_HAL_Driver/stm32f4xx_hal_cortex.o
                0x0800b090                HAL_SYSTICK_IRQHandler
 .text.HAL_DAC_Init
                0x0800b098       0x2c Drivers/STM32F4xx_HAL_Driver/stm32f4xx_hal_dac.o
                0x0800b098                HAL_DAC_Init
 .text.HAL_DAC_Start
                0x0800b0c4       0x64 Drivers/STM32F4xx_HAL_Driver/stm32f4xx_hal_dac.o
                0x0800b0c4                HAL_DAC_Start
 .text.HAL_DAC_Stop
                0x0800b128       0x20 Drivers/STM32F4xx_HAL_Driver/stm32f4xx_hal_dac.o
                0x0800b128                HAL_DAC_Stop
 .text.HAL_DAC_Start_DMA
                0x0800b148       0xf0 Drivers/STM32F4xx_HAL_Driver/stm32f4xx_hal_dac.o
                0x0800b148                HAL_DAC_Start_DMA
 .text.HAL_DAC_Stop_DMA
                0x0800b238       0x40 Drivers/STM32F4xx_HAL_Driver/stm32f4xx_hal_dac.o
                0x0800b238                HAL_DAC_Stop_DMA
 .text.HAL_DAC_ConvCpltCallbackCh1
                0x0800b278        0x4 Drivers/STM32F4xx_HAL_Driver/stm32f4xx_hal_dac.o
                0x0800b278                HAL_DAC_ConvCpltCallbackCh1
 .text.DAC_DMAConvCpltCh1
                0x0800b27c       0x10 Drivers/STM32F4xx_HAL_Driver/stm32f4xx_hal_dac.o
 .text.HAL_DAC_ConvHalfCpltCallbackCh1
                0x0800b28c        0x4 Drivers/STM32F4xx_HAL_Driver/stm32f4xx_hal_dac.o
                0x0800b28c                HAL_DAC_ConvHalfCpltCallbackCh1
 .text.DAC_DMAHalfConvCpltCh1
                0x0800b290        0xc Drivers/STM32F4xx_HAL_Driver/stm32f4xx_hal_dac.o
 .text.HAL_DAC_ErrorCallbackCh1
                0x0800b29c        0x4 Drivers/STM32F4xx_HAL_Driver/stm32f4xx_hal_dac.o
                0x0800b29c                HAL_DAC_ErrorCallbackCh1
 .text.DAC_DMAErrorCh1
                0x0800b2a0       0x18 Drivers/STM32F4xx_HAL_Driver/stm32f4xx_hal_dac.o
 .text.HAL_DAC_ConfigChannel
                0x0800b2b8       0x48 Drivers/STM32F4xx_HAL_Driver/stm32f4xx_hal_dac.o
                0x0800b2b8                HAL_DAC_ConfigChannel
 .text.HAL_DACEx_ErrorCallbackCh2
                0x0800b300        0x4 Drivers/STM32F4xx_HAL_Driver/stm32f4xx_hal_dac_ex.o
                0x0800b300                HAL_DACEx_ErrorCallbackCh2
 .text.DAC_DMAConvCpltCh2
                0x0800b304       0x10 Drivers/STM32F4xx_HAL_Driver/stm32f4xx_hal_dac_ex.o
                0x0800b304                DAC_DMAConvCpltCh2
 .text.DAC_DMAHalfConvCpltCh2
                0x0800b314        0xc Drivers/STM32F4xx_HAL_Driver/stm32f4xx_hal_dac_ex.o
                0x0800b314                DAC_DMAHalfConvCpltCh2
 .text.DAC_DMAErrorCh2
                0x0800b320       0x18 Drivers/STM32F4xx_HAL_Driver/stm32f4xx_hal_dac_ex.o
                0x0800b320                DAC_DMAErrorCh2
 .text.HAL_DMA_Init
                0x0800b338      0x134 Drivers/STM32F4xx_HAL_Driver/stm32f4xx_hal_dma.o
                0x0800b338                HAL_DMA_Init
 .text.HAL_DMA_DeInit
                0x0800b46c       0x74 Drivers/STM32F4xx_HAL_Driver/stm32f4xx_hal_dma.o
                0x0800b46c                HAL_DMA_DeInit
 .text.HAL_DMA_Start_IT
                0x0800b4e0       0x84 Drivers/STM32F4xx_HAL_Driver/stm32f4xx_hal_dma.o
                0x0800b4e0                HAL_DMA_Start_IT
 .text.HAL_DMA_Abort
                0x0800b564       0x90 Drivers/STM32F4xx_HAL_Driver/stm32f4xx_hal_dma.o
                0x0800b564                HAL_DMA_Abort
 .text.HAL_DMA_IRQHandler
                0x0800b5f4      0x1ac Drivers/STM32F4xx_HAL_Driver/stm32f4xx_hal_dma.o
                0x0800b5f4                HAL_DMA_IRQHandler
 .text.HAL_GPIO_Init
                0x0800b7a0      0x27c Drivers/STM32F4xx_HAL_Driver/stm32f4xx_hal_gpio.o
                0x0800b7a0                HAL_GPIO_Init
 .text.HAL_GPIO_ReadPin
                0x0800ba1c        0xc Drivers/STM32F4xx_HAL_Driver/stm32f4xx_hal_gpio.o
                0x0800ba1c                HAL_GPIO_ReadPin
 .text.HAL_GPIO_WritePin
                0x0800ba28        0x8 Drivers/STM32F4xx_HAL_Driver/stm32f4xx_hal_gpio.o
                0x0800ba28                HAL_GPIO_WritePin
 .text.HAL_GPIO_EXTI_IRQHandler
                0x0800ba30       0x18 Drivers/STM32F4xx_HAL_Driver/stm32f4xx_hal_gpio.o
                0x0800ba30                HAL_GPIO_EXTI_IRQHandler
 .text.HAL_PCD_Init
                0x0800ba48       0xdc Drivers/STM32F4xx_HAL_Driver/stm32f4xx_hal_pcd.o
                0x0800ba48                HAL_PCD_Init
 .text.HAL_PCD_Start
                0x0800bb24       0x2c Drivers/STM32F4xx_HAL_Driver/stm32f4xx_hal_pcd.o
                0x0800bb24                HAL_PCD_Start
 .text.HAL_PCD_IRQHandler
                0x0800bb50      0x634 Drivers/STM32F4xx_HAL_Driver/stm32f4xx_hal_pcd.o
                0x0800bb50                HAL_PCD_IRQHandler
 .text.HAL_PCD_SetAddress
                0x0800c184       0x24 Drivers/STM32F4xx_HAL_Driver/stm32f4xx_hal_pcd.o
                0x0800c184                HAL_PCD_SetAddress
 .text.HAL_PCD_EP_Open
                0x0800c1a8       0x7c Drivers/STM32F4xx_HAL_Driver/stm32f4xx_hal_pcd.o
                0x0800c1a8                HAL_PCD_EP_Open
 .text.HAL_PCD_EP_Close
                0x0800c224       0x54 Drivers/STM32F4xx_HAL_Driver/stm32f4xx_hal_pcd.o
                0x0800c224                HAL_PCD_EP_Close
 .text.HAL_PCD_EP_Receive
                0x0800c278       0x50 Drivers/STM32F4xx_HAL_Driver/stm32f4xx_hal_pcd.o
                0x0800c278                HAL_PCD_EP_Receive
 .text.HAL_PCD_EP_GetRxCount
                0x0800c2c8       0x14 Drivers/STM32F4xx_HAL_Driver/stm32f4xx_hal_pcd.o
                0x0800c2c8                HAL_PCD_EP_GetRxCount
 .text.HAL_PCD_EP_Transmit
                0x0800c2dc       0x48 Drivers/STM32F4xx_HAL_Driver/stm32f4xx_hal_pcd.o
                0x0800c2dc                HAL_PCD_EP_Transmit
 .text.HAL_PCD_EP_SetStall
                0x0800c324       0x60 Drivers/STM32F4xx_HAL_Driver/stm32f4xx_hal_pcd.o
                0x0800c324                HAL_PCD_EP_SetStall
 .text.HAL_PCD_EP_ClrStall
                0x0800c384       0x4c Drivers/STM32F4xx_HAL_Driver/stm32f4xx_hal_pcd.o
                0x0800c384                HAL_PCD_EP_ClrStall
 .text.HAL_PCDEx_SetTxFiFo
                0x0800c3d0       0x48 Drivers/STM32F4xx_HAL_Driver/stm32f4xx_hal_pcd_ex.o
                0x0800c3d0                HAL_PCDEx_SetTxFiFo
 .text.HAL_PCDEx_SetRxFiFo
                0x0800c418        0x8 Drivers/STM32F4xx_HAL_Driver/stm32f4xx_hal_pcd_ex.o
                0x0800c418                HAL_PCDEx_SetRxFiFo
 .text.HAL_PWR_PVDCallback
                0x0800c420        0x4 Drivers/STM32F4xx_HAL_Driver/stm32f4xx_hal_pwr.o
                0x0800c420                HAL_PWR_PVDCallback
 .text.HAL_PWR_PVD_IRQHandler
                0x0800c424       0x1c Drivers/STM32F4xx_HAL_Driver/stm32f4xx_hal_pwr.o
                0x0800c424                HAL_PWR_PVD_IRQHandler
 .text.HAL_RCC_OscConfig
                0x0800c440      0x374 Drivers/STM32F4xx_HAL_Driver/stm32f4xx_hal_rcc.o
                0x0800c440                HAL_RCC_OscConfig
 .text.HAL_RCC_GetSysClockFreq
                0x0800c7b4       0x6c Drivers/STM32F4xx_HAL_Driver/stm32f4xx_hal_rcc.o
                0x0800c7b4                HAL_RCC_GetSysClockFreq
 .text.HAL_RCC_ClockConfig
                0x0800c820      0x134 Drivers/STM32F4xx_HAL_Driver/stm32f4xx_hal_rcc.o
                0x0800c820                HAL_RCC_ClockConfig
 .text.HAL_RCC_GetHCLKFreq
                0x0800c954        0xc Drivers/STM32F4xx_HAL_Driver/stm32f4xx_hal_rcc.o
                0x0800c954                HAL_RCC_GetHCLKFreq
 .text.HAL_RCC_GetPCLK1Freq
                0x0800c960       0x20 Drivers/STM32F4xx_HAL_Driver/stm32f4xx_hal_rcc.o
                0x0800c960                HAL_RCC_GetPCLK1Freq
 .text.HAL_RCC_GetPCLK2Freq
                0x0800c980       0x20 Drivers/STM32F4xx_HAL_Driver/stm32f4xx_hal_rcc.o
                0x0800c980                HAL_RCC_GetPCLK2Freq
 .text.HAL_SDRAM_Init
                0x0800c9a0       0x44 Drivers/STM32F4xx_HAL_Driver/stm32f4xx_hal_sdram.o
                0x0800c9a0                HAL_SDRAM_Init
 .text.HAL_SDRAM_Read_16b
                0x0800c9e4       0x48 Drivers/STM32F4xx_HAL_Driver/stm32f4xx_hal_sdram.o
                0x0800c9e4                HAL_SDRAM_Read_16b
 .text.HAL_SDRAM_Write_16b
                0x0800ca2c       0x48 Drivers/STM32F4xx_HAL_Driver/stm32f4xx_hal_sdram.o
                0x0800ca2c                HAL_SDRAM_Write_16b
 .text.HAL_SDRAM_Read_32b
                0x0800ca74       0x48 Drivers/STM32F4xx_HAL_Driver/stm32f4xx_hal_sdram.o
                0x0800ca74                HAL_SDRAM_Read_32b
 .text.HAL_SDRAM_WriteProtection_Disable
                0x0800cabc       0x2c Drivers/STM32F4xx_HAL_Driver/stm32f4xx_hal_sdram.o
                0x0800cabc                HAL_SDRAM_WriteProtection_Disable
 .text.HAL_SDRAM_SendCommand
                0x0800cae8       0x34 Drivers/STM32F4xx_HAL_Driver/stm32f4xx_hal_sdram.o
                0x0800cae8                HAL_SDRAM_SendCommand
 .text.HAL_SDRAM_ProgramRefreshRate
                0x0800cb1c       0x28 Drivers/STM32F4xx_HAL_Driver/stm32f4xx_hal_sdram.o
                0x0800cb1c                HAL_SDRAM_ProgramRefreshRate
 .text.SPI_WaitFlagStateUntilTimeout
                0x0800cb44       0x98 Drivers/STM32F4xx_HAL_Driver/stm32f4xx_hal_spi.o
 .text.HAL_SPI_TransmitReceive.part.1
                0x0800cbdc      0x1fc Drivers/STM32F4xx_HAL_Driver/stm32f4xx_hal_spi.o
 .text.HAL_SPI_Init
                0x0800cdd8       0x80 Drivers/STM32F4xx_HAL_Driver/stm32f4xx_hal_spi.o
                0x0800cdd8                HAL_SPI_Init
 .text.HAL_SPI_Transmit
                0x0800ce58      0x168 Drivers/STM32F4xx_HAL_Driver/stm32f4xx_hal_spi.o
                0x0800ce58                HAL_SPI_Transmit
 .text.HAL_SPI_Receive
                0x0800cfc0      0x15c Drivers/STM32F4xx_HAL_Driver/stm32f4xx_hal_spi.o
                0x0800cfc0                HAL_SPI_Receive
 .text.HAL_SPI_TransmitReceive
                0x0800d11c       0x1c Drivers/STM32F4xx_HAL_Driver/stm32f4xx_hal_spi.o
                0x0800d11c                HAL_SPI_TransmitReceive
 .text.HAL_SPI_Transmit_DMA
                0x0800d138       0xa8 Drivers/STM32F4xx_HAL_Driver/stm32f4xx_hal_spi.o
                0x0800d138                HAL_SPI_Transmit_DMA
 .text.HAL_SPI_TxCpltCallback
                0x0800d1e0        0x4 Drivers/STM32F4xx_HAL_Driver/stm32f4xx_hal_spi.o
                0x0800d1e0                HAL_SPI_TxCpltCallback
 .text.HAL_SPI_TxHalfCpltCallback
                0x0800d1e4        0x4 Drivers/STM32F4xx_HAL_Driver/stm32f4xx_hal_spi.o
                0x0800d1e4                HAL_SPI_TxHalfCpltCallback
 .text.SPI_DMAHalfTransmitCplt
                0x0800d1e8        0xc Drivers/STM32F4xx_HAL_Driver/stm32f4xx_hal_spi.o
 .text.HAL_SPI_ErrorCallback
                0x0800d1f4        0x4 Drivers/STM32F4xx_HAL_Driver/stm32f4xx_hal_spi.o
                0x0800d1f4                HAL_SPI_ErrorCallback
 .text.SPI_DMAError
                0x0800d1f8       0x24 Drivers/STM32F4xx_HAL_Driver/stm32f4xx_hal_spi.o
 .text.SPI_DMATransmitCplt
                0x0800d21c       0x74 Drivers/STM32F4xx_HAL_Driver/stm32f4xx_hal_spi.o
 .text.HAL_TIM_Base_Start_IT
                0x0800d290       0x18 Drivers/STM32F4xx_HAL_Driver/stm32f4xx_hal_tim.o
                0x0800d290                HAL_TIM_Base_Start_IT
 .text.HAL_TIM_Base_Stop_IT
                0x0800d2a8       0x2c Drivers/STM32F4xx_HAL_Driver/stm32f4xx_hal_tim.o
                0x0800d2a8                HAL_TIM_Base_Stop_IT
 .text.HAL_TIM_ConfigClockSource
                0x0800d2d4      0x184 Drivers/STM32F4xx_HAL_Driver/stm32f4xx_hal_tim.o
                0x0800d2d4                HAL_TIM_ConfigClockSource
 .text.HAL_TIM_PeriodElapsedCallback
                0x0800d458        0x4 Drivers/STM32F4xx_HAL_Driver/stm32f4xx_hal_tim.o
                0x0800d458                HAL_TIM_PeriodElapsedCallback
 .text.HAL_TIM_OC_DelayElapsedCallback
                0x0800d45c        0x4 Drivers/STM32F4xx_HAL_Driver/stm32f4xx_hal_tim.o
                0x0800d45c                HAL_TIM_OC_DelayElapsedCallback
 .text.HAL_TIM_IC_CaptureCallback
                0x0800d460        0x4 Drivers/STM32F4xx_HAL_Driver/stm32f4xx_hal_tim.o
                0x0800d460                HAL_TIM_IC_CaptureCallback
 .text.HAL_TIM_PWM_PulseFinishedCallback
                0x0800d464        0x4 Drivers/STM32F4xx_HAL_Driver/stm32f4xx_hal_tim.o
                0x0800d464                HAL_TIM_PWM_PulseFinishedCallback
 .text.HAL_TIM_TriggerCallback
                0x0800d468        0x4 Drivers/STM32F4xx_HAL_Driver/stm32f4xx_hal_tim.o
                0x0800d468                HAL_TIM_TriggerCallback
 .text.HAL_TIM_IRQHandler
                0x0800d46c      0x154 Drivers/STM32F4xx_HAL_Driver/stm32f4xx_hal_tim.o
                0x0800d46c                HAL_TIM_IRQHandler
 .text.TIM_Base_SetConfig
                0x0800d5c0       0xd0 Drivers/STM32F4xx_HAL_Driver/stm32f4xx_hal_tim.o
                0x0800d5c0                TIM_Base_SetConfig
 .text.HAL_TIM_Base_Init
                0x0800d690       0x38 Drivers/STM32F4xx_HAL_Driver/stm32f4xx_hal_tim.o
                0x0800d690                HAL_TIM_Base_Init
 .text.HAL_TIMEx_MasterConfigSynchronization
                0x0800d6c8       0x4c Drivers/STM32F4xx_HAL_Driver/stm32f4xx_hal_tim_ex.o
                0x0800d6c8                HAL_TIMEx_MasterConfigSynchronization
 .text.HAL_TIMEx_CommutationCallback
                0x0800d714        0x4 Drivers/STM32F4xx_HAL_Driver/stm32f4xx_hal_tim_ex.o
                0x0800d714                HAL_TIMEx_CommutationCallback
 .text.HAL_TIMEx_BreakCallback
                0x0800d718        0x4 Drivers/STM32F4xx_HAL_Driver/stm32f4xx_hal_tim_ex.o
                0x0800d718                HAL_TIMEx_BreakCallback
 .text.UART_SetConfig
                0x0800d71c      0x2b8 Drivers/STM32F4xx_HAL_Driver/stm32f4xx_hal_uart.o
 .text.UART_WaitOnFlagUntilTimeout.constprop.3
                0x0800d9d4       0x58 Drivers/STM32F4xx_HAL_Driver/stm32f4xx_hal_uart.o
 .text.HAL_MultiProcessor_Init
                0x0800da2c       0x84 Drivers/STM32F4xx_HAL_Driver/stm32f4xx_hal_uart.o
                0x0800da2c                HAL_MultiProcessor_Init
 .text.HAL_UART_Transmit
                0x0800dab0       0xb8 Drivers/STM32F4xx_HAL_Driver/stm32f4xx_hal_uart.o
                0x0800dab0                HAL_UART_Transmit
 .text.FMC_SDRAM_Init
                0x0800db68       0x80 Drivers/STM32F4xx_HAL_Driver/stm32f4xx_ll_fmc.o
                0x0800db68                FMC_SDRAM_Init
 .text.FMC_SDRAM_Timing_Init
                0x0800dbe8       0x90 Drivers/STM32F4xx_HAL_Driver/stm32f4xx_ll_fmc.o
                0x0800dbe8                FMC_SDRAM_Timing_Init
 .text.FMC_SDRAM_WriteProtection_Disable
                0x0800dc78       0x14 Drivers/STM32F4xx_HAL_Driver/stm32f4xx_ll_fmc.o
                0x0800dc78                FMC_SDRAM_WriteProtection_Disable
 .text.FMC_SDRAM_SendCommand
                0x0800dc8c       0x50 Drivers/STM32F4xx_HAL_Driver/stm32f4xx_ll_fmc.o
                0x0800dc8c                FMC_SDRAM_SendCommand
 .text.FMC_SDRAM_ProgramRefreshRate
                0x0800dcdc       0x10 Drivers/STM32F4xx_HAL_Driver/stm32f4xx_ll_fmc.o
                0x0800dcdc                FMC_SDRAM_ProgramRefreshRate
 .text.USB_CoreInit
                0x0800dcec       0x78 Drivers/STM32F4xx_HAL_Driver/stm32f4xx_ll_usb.o
                0x0800dcec                USB_CoreInit
 .text.USB_EnableGlobalInt
                0x0800dd64       0x10 Drivers/STM32F4xx_HAL_Driver/stm32f4xx_ll_usb.o
                0x0800dd64                USB_EnableGlobalInt
 .text.USB_DisableGlobalInt
                0x0800dd74       0x10 Drivers/STM32F4xx_HAL_Driver/stm32f4xx_ll_usb.o
                0x0800dd74                USB_DisableGlobalInt
 .text.USB_SetCurrentMode
                0x0800dd84       0x34 Drivers/STM32F4xx_HAL_Driver/stm32f4xx_ll_usb.o
                0x0800dd84                USB_SetCurrentMode
 .text.USB_DevInit
                0x0800ddb8      0x178 Drivers/STM32F4xx_HAL_Driver/stm32f4xx_ll_usb.o
                0x0800ddb8                USB_DevInit
 .text.USB_FlushTxFifo
                0x0800df30       0x24 Drivers/STM32F4xx_HAL_Driver/stm32f4xx_ll_usb.o
                0x0800df30                USB_FlushTxFifo
 .text.USB_GetDevSpeed
                0x0800df54       0x38 Drivers/STM32F4xx_HAL_Driver/stm32f4xx_ll_usb.o
                0x0800df54                USB_GetDevSpeed
 .text.USB_ActivateEndpoint
                0x0800df8c       0x80 Drivers/STM32F4xx_HAL_Driver/stm32f4xx_ll_usb.o
                0x0800df8c                USB_ActivateEndpoint
 .text.USB_DeactivateEndpoint
                0x0800e00c       0xbc Drivers/STM32F4xx_HAL_Driver/stm32f4xx_ll_usb.o
                0x0800e00c                USB_DeactivateEndpoint
 .text.USB_EPStartXfer
                0x0800e0c8      0x1d4 Drivers/STM32F4xx_HAL_Driver/stm32f4xx_ll_usb.o
                0x0800e0c8                USB_EPStartXfer
 .text.USB_EP0StartXfer
                0x0800e29c      0x104 Drivers/STM32F4xx_HAL_Driver/stm32f4xx_ll_usb.o
                0x0800e29c                USB_EP0StartXfer
 .text.USB_WritePacket
                0x0800e3a0       0x2c Drivers/STM32F4xx_HAL_Driver/stm32f4xx_ll_usb.o
                0x0800e3a0                USB_WritePacket
 .text.USB_ReadPacket
                0x0800e3cc       0x28 Drivers/STM32F4xx_HAL_Driver/stm32f4xx_ll_usb.o
                0x0800e3cc                USB_ReadPacket
 .text.USB_EPSetStall
                0x0800e3f4       0x38 Drivers/STM32F4xx_HAL_Driver/stm32f4xx_ll_usb.o
                0x0800e3f4                USB_EPSetStall
 .text.USB_EPClearStall
                0x0800e42c       0x30 Drivers/STM32F4xx_HAL_Driver/stm32f4xx_ll_usb.o
                0x0800e42c                USB_EPClearStall
 .text.USB_SetDevAddress
                0x0800e45c       0x20 Drivers/STM32F4xx_HAL_Driver/stm32f4xx_ll_usb.o
                0x0800e45c                USB_SetDevAddress
 .text.USB_DevConnect
                0x0800e47c       0x18 Drivers/STM32F4xx_HAL_Driver/stm32f4xx_ll_usb.o
                0x0800e47c                USB_DevConnect
 .text.USB_DevDisconnect
                0x0800e494       0x18 Drivers/STM32F4xx_HAL_Driver/stm32f4xx_ll_usb.o
                0x0800e494                USB_DevDisconnect
 .text.USB_ReadInterrupts
                0x0800e4ac        0x8 Drivers/STM32F4xx_HAL_Driver/stm32f4xx_ll_usb.o
                0x0800e4ac                USB_ReadInterrupts
 .text.USB_ReadDevAllOutEpInterrupt
                0x0800e4b4       0x10 Drivers/STM32F4xx_HAL_Driver/stm32f4xx_ll_usb.o
                0x0800e4b4                USB_ReadDevAllOutEpInterrupt
 .text.USB_ReadDevAllInEpInterrupt
                0x0800e4c4       0x10 Drivers/STM32F4xx_HAL_Driver/stm32f4xx_ll_usb.o
                0x0800e4c4                USB_ReadDevAllInEpInterrupt
 .text.USB_ReadDevOutEPInterrupt
                0x0800e4d4       0x14 Drivers/STM32F4xx_HAL_Driver/stm32f4xx_ll_usb.o
                0x0800e4d4                USB_ReadDevOutEPInterrupt
 .text.USB_ReadDevInEPInterrupt
                0x0800e4e8       0x24 Drivers/STM32F4xx_HAL_Driver/stm32f4xx_ll_usb.o
                0x0800e4e8                USB_ReadDevInEPInterrupt
 .text.USB_GetMode
                0x0800e50c        0x8 Drivers/STM32F4xx_HAL_Driver/stm32f4xx_ll_usb.o
                0x0800e50c                USB_GetMode
 .text.USB_ActivateSetup
                0x0800e514       0x38 Drivers/STM32F4xx_HAL_Driver/stm32f4xx_ll_usb.o
                0x0800e514                USB_ActivateSetup
 .text.USB_EP0_OutStart
                0x0800e54c       0x44 Drivers/STM32F4xx_HAL_Driver/stm32f4xx_ll_usb.o
                0x0800e54c                USB_EP0_OutStart
 .text.USB_CoreReset
                0x0800e590       0x34 Drivers/STM32F4xx_HAL_Driver/stm32f4xx_ll_usb.o
 .text.USBD_CDC_DataIn
                0x0800e5c4       0x14 Middlewares/USB_Device_Library/usbd_cdc.o
 .text.USBD_CDC_EP0_RxReady
                0x0800e5d8       0x2c Middlewares/USB_Device_Library/usbd_cdc.o
 .text.USBD_CDC_GetFSCfgDesc
                0x0800e604        0xc Middlewares/USB_Device_Library/usbd_cdc.o
 .text.USBD_CDC_GetHSCfgDesc
                0x0800e610        0xc Middlewares/USB_Device_Library/usbd_cdc.o
 .text.USBD_CDC_GetOtherSpeedCfgDesc
                0x0800e61c        0xc Middlewares/USB_Device_Library/usbd_cdc.o
 .text.USBD_CDC_GetDeviceQualifierDescriptor
                0x0800e628        0xc Middlewares/USB_Device_Library/usbd_cdc.o
                0x0800e628                USBD_CDC_GetDeviceQualifierDescriptor
 .text.USBD_CDC_DataOut
                0x0800e634       0x30 Middlewares/USB_Device_Library/usbd_cdc.o
 .text.USBD_CDC_Setup
                0x0800e664       0x6c Middlewares/USB_Device_Library/usbd_cdc.o
 .text.USBD_CDC_DeInit
                0x0800e6d0       0x3c Middlewares/USB_Device_Library/usbd_cdc.o
 .text.USBD_CDC_Init
                0x0800e70c       0x90 Middlewares/USB_Device_Library/usbd_cdc.o
 .text.USBD_CDC_RegisterInterface
                0x0800e79c       0x10 Middlewares/USB_Device_Library/usbd_cdc.o
                0x0800e79c                USBD_CDC_RegisterInterface
 .text.USBD_CDC_SetTxBuffer
                0x0800e7ac       0x10 Middlewares/USB_Device_Library/usbd_cdc.o
                0x0800e7ac                USBD_CDC_SetTxBuffer
 .text.USBD_CDC_SetRxBuffer
                0x0800e7bc        0xc Middlewares/USB_Device_Library/usbd_cdc.o
                0x0800e7bc                USBD_CDC_SetRxBuffer
 .text.USBD_CDC_ReceivePacket
                0x0800e7c8       0x30 Middlewares/USB_Device_Library/usbd_cdc.o
                0x0800e7c8                USBD_CDC_ReceivePacket
 .text.USBD_Init
                0x0800e7f8       0x2c Middlewares/USB_Device_Library/usbd_core.o
                0x0800e7f8                USBD_Init
 .text.USBD_RegisterClass
                0x0800e824       0x10 Middlewares/USB_Device_Library/usbd_core.o
                0x0800e824                USBD_RegisterClass
 .text.USBD_Start
                0x0800e834        0xc Middlewares/USB_Device_Library/usbd_core.o
                0x0800e834                USBD_Start
 .text.USBD_SetClassConfig
                0x0800e840       0x14 Middlewares/USB_Device_Library/usbd_core.o
                0x0800e840                USBD_SetClassConfig
 .text.USBD_ClrClassConfig
                0x0800e854       0x10 Middlewares/USB_Device_Library/usbd_core.o
                0x0800e854                USBD_ClrClassConfig
 .text.USBD_LL_SetupStage
                0x0800e864       0x60 Middlewares/USB_Device_Library/usbd_core.o
                0x0800e864                USBD_LL_SetupStage
 .text.USBD_LL_DataOutStage
                0x0800e8c4       0x6c Middlewares/USB_Device_Library/usbd_core.o
                0x0800e8c4                USBD_LL_DataOutStage
 .text.USBD_LL_DataInStage
                0x0800e930       0xac Middlewares/USB_Device_Library/usbd_core.o
                0x0800e930                USBD_LL_DataInStage
 .text.USBD_LL_Reset
                0x0800e9dc       0x40 Middlewares/USB_Device_Library/usbd_core.o
                0x0800e9dc                USBD_LL_Reset
 .text.USBD_LL_SetSpeed
                0x0800ea1c        0x8 Middlewares/USB_Device_Library/usbd_core.o
                0x0800ea1c                USBD_LL_SetSpeed
 .text.USBD_LL_Suspend
                0x0800ea24       0x14 Middlewares/USB_Device_Library/usbd_core.o
                0x0800ea24                USBD_LL_Suspend
 .text.USBD_LL_Resume
                0x0800ea38       0x10 Middlewares/USB_Device_Library/usbd_core.o
                0x0800ea38                USBD_LL_Resume
 .text.USBD_LL_SOF
                0x0800ea48       0x1c Middlewares/USB_Device_Library/usbd_core.o
                0x0800ea48                USBD_LL_SOF
 .text.USBD_LL_IsoINIncomplete
                0x0800ea64        0x4 Middlewares/USB_Device_Library/usbd_core.o
                0x0800ea64                USBD_LL_IsoINIncomplete
 .text.USBD_LL_IsoOUTIncomplete
                0x0800ea68        0x4 Middlewares/USB_Device_Library/usbd_core.o
                0x0800ea68                USBD_LL_IsoOUTIncomplete
 .text.USBD_LL_DevConnected
                0x0800ea6c        0x4 Middlewares/USB_Device_Library/usbd_core.o
                0x0800ea6c                USBD_LL_DevConnected
 .text.USBD_LL_DevDisconnected
                0x0800ea70       0x18 Middlewares/USB_Device_Library/usbd_core.o
                0x0800ea70                USBD_LL_DevDisconnected
 .text.USBD_StdDevReq
                0x0800ea88      0x298 Middlewares/USB_Device_Library/usbd_ctlreq.o
                0x0800ea88                USBD_StdDevReq
 .text.USBD_StdItfReq
                0x0800ed20       0x40 Middlewares/USB_Device_Library/usbd_ctlreq.o
                0x0800ed20                USBD_StdItfReq
 .text.USBD_StdEPReq
                0x0800ed60       0xcc Middlewares/USB_Device_Library/usbd_ctlreq.o
                0x0800ed60                USBD_StdEPReq
 .text.USBD_ParseSetupRequest
                0x0800ee2c       0x28 Middlewares/USB_Device_Library/usbd_ctlreq.o
                0x0800ee2c                USBD_ParseSetupRequest
 .text.USBD_GetString
                0x0800ee54       0x50 Middlewares/USB_Device_Library/usbd_ctlreq.o
                0x0800ee54                USBD_GetString
 .text.USBD_CtlSendData
                0x0800eea4       0x1c Middlewares/USB_Device_Library/usbd_ioreq.o
                0x0800eea4                USBD_CtlSendData
 .text.USBD_CtlContinueSendData
                0x0800eec0       0x10 Middlewares/USB_Device_Library/usbd_ioreq.o
                0x0800eec0                USBD_CtlContinueSendData
 .text.USBD_CtlPrepareRx
                0x0800eed0       0x20 Middlewares/USB_Device_Library/usbd_ioreq.o
                0x0800eed0                USBD_CtlPrepareRx
 .text.USBD_CtlContinueRx
                0x0800eef0       0x10 Middlewares/USB_Device_Library/usbd_ioreq.o
                0x0800eef0                USBD_CtlContinueRx
 .text.USBD_CtlSendStatus
                0x0800ef00       0x18 Middlewares/USB_Device_Library/usbd_ioreq.o
                0x0800ef00                USBD_CtlSendStatus
 .text.USBD_CtlReceiveStatus
                0x0800ef18       0x18 Middlewares/USB_Device_Library/usbd_ioreq.o
                0x0800ef18                USBD_CtlReceiveStatus
 .text.__libc_init_array
                0x0800ef30       0x48 d:/ac6/workbench/plugins/fr.ac6.mcu.externaltools.arm-none.win32_1.17.0.201812190825/tools/compiler/bin/../lib/gcc/arm-none-eabi/7.3.1/../../../../arm-none-eabi/lib/thumb/v7e-m/fpv4-sp/hard\libc_nano.a(lib_a-init.o)
                0x0800ef30                __libc_init_array
 .text.malloc   0x0800ef78       0x10 d:/ac6/workbench/plugins/fr.ac6.mcu.externaltools.arm-none.win32_1.17.0.201812190825/tools/compiler/bin/../lib/gcc/arm-none-eabi/7.3.1/../../../../arm-none-eabi/lib/thumb/v7e-m/fpv4-sp/hard\libc_nano.a(lib_a-malloc.o)
                0x0800ef78                malloc
 .text.free     0x0800ef88       0x10 d:/ac6/workbench/plugins/fr.ac6.mcu.externaltools.arm-none.win32_1.17.0.201812190825/tools/compiler/bin/../lib/gcc/arm-none-eabi/7.3.1/../../../../arm-none-eabi/lib/thumb/v7e-m/fpv4-sp/hard\libc_nano.a(lib_a-malloc.o)
                0x0800ef88                free
 .text.memcpy   0x0800ef98       0x16 d:/ac6/workbench/plugins/fr.ac6.mcu.externaltools.arm-none.win32_1.17.0.201812190825/tools/compiler/bin/../lib/gcc/arm-none-eabi/7.3.1/../../../../arm-none-eabi/lib/thumb/v7e-m/fpv4-sp/hard\libc_nano.a(lib_a-memcpy-stub.o)
                0x0800ef98                memcpy
 .text.memset   0x0800efae       0x10 d:/ac6/workbench/plugins/fr.ac6.mcu.externaltools.arm-none.win32_1.17.0.201812190825/tools/compiler/bin/../lib/gcc/arm-none-eabi/7.3.1/../../../../arm-none-eabi/lib/thumb/v7e-m/fpv4-sp/hard\libc_nano.a(lib_a-memset.o)
                0x0800efae                memset
 *fill*         0x0800efbe        0x2 
 .text._free_r  0x0800efc0       0x9c d:/ac6/workbench/plugins/fr.ac6.mcu.externaltools.arm-none.win32_1.17.0.201812190825/tools/compiler/bin/../lib/gcc/arm-none-eabi/7.3.1/../../../../arm-none-eabi/lib/thumb/v7e-m/fpv4-sp/hard\libc_nano.a(lib_a-nano-freer.o)
                0x0800efc0                _free_r
 .text._malloc_r
                0x0800f05c       0xb4 d:/ac6/workbench/plugins/fr.ac6.mcu.externaltools.arm-none.win32_1.17.0.201812190825/tools/compiler/bin/../lib/gcc/arm-none-eabi/7.3.1/../../../../arm-none-eabi/lib/thumb/v7e-m/fpv4-sp/hard\libc_nano.a(lib_a-nano-mallocr.o)
                0x0800f05c                _malloc_r
 .text.printf   0x0800f110       0x30 d:/ac6/workbench/plugins/fr.ac6.mcu.externaltools.arm-none.win32_1.17.0.201812190825/tools/compiler/bin/../lib/gcc/arm-none-eabi/7.3.1/../../../../arm-none-eabi/lib/thumb/v7e-m/fpv4-sp/hard\libc_nano.a(lib_a-printf.o)
                0x0800f110                iprintf
                0x0800f110                printf
 .text._sbrk_r  0x0800f140       0x20 d:/ac6/workbench/plugins/fr.ac6.mcu.externaltools.arm-none.win32_1.17.0.201812190825/tools/compiler/bin/../lib/gcc/arm-none-eabi/7.3.1/../../../../arm-none-eabi/lib/thumb/v7e-m/fpv4-sp/hard\libc_nano.a(lib_a-sbrkr.o)
                0x0800f140                _sbrk_r
 .text.sprintf  0x0800f160       0x40 d:/ac6/workbench/plugins/fr.ac6.mcu.externaltools.arm-none.win32_1.17.0.201812190825/tools/compiler/bin/../lib/gcc/arm-none-eabi/7.3.1/../../../../arm-none-eabi/lib/thumb/v7e-m/fpv4-sp/hard\libc_nano.a(lib_a-sprintf.o)
                0x0800f160                siprintf
                0x0800f160                sprintf
 .text.strcat   0x0800f1a0       0x1e d:/ac6/workbench/plugins/fr.ac6.mcu.externaltools.arm-none.win32_1.17.0.201812190825/tools/compiler/bin/../lib/gcc/arm-none-eabi/7.3.1/../../../../arm-none-eabi/lib/thumb/v7e-m/fpv4-sp/hard\libc_nano.a(lib_a-strcat.o)
                0x0800f1a0                strcat
 .text.strcpy   0x0800f1be       0x10 d:/ac6/workbench/plugins/fr.ac6.mcu.externaltools.arm-none.win32_1.17.0.201812190825/tools/compiler/bin/../lib/gcc/arm-none-eabi/7.3.1/../../../../arm-none-eabi/lib/thumb/v7e-m/fpv4-sp/hard\libc_nano.a(lib_a-strcpy.o)
                0x0800f1be                strcpy
 .text.strncmp  0x0800f1ce       0x24 d:/ac6/workbench/plugins/fr.ac6.mcu.externaltools.arm-none.win32_1.17.0.201812190825/tools/compiler/bin/../lib/gcc/arm-none-eabi/7.3.1/../../../../arm-none-eabi/lib/thumb/v7e-m/fpv4-sp/hard\libc_nano.a(lib_a-strncmp.o)